This is pdfTeX, Version 3.141592653-2.6-1.40.29 (MiKTeX 26.2) (preloaded format=pdflatex 2026.3.29)  18 JUL 2026 23:38
entering extended mode
 restricted \write18 enabled.
 %&-line parsing enabled.
**./main.tex
(main.tex
LaTeX2e <2025-11-01>
L3 programming layer <2026-01-19>
(C:\Users\yovel\AppData\Local\Programs\MiKTeX\tex/latex/base\report.cls
Document Class: report 2025/01/22 v1.4n Standard LaTeX document class
(C:\Users\yovel\AppData\Local\Programs\MiKTeX\tex/latex/base\size12.clo
File: size12.clo 2025/01/22 v1.4n Standard LaTeX file (size option)
)
\c@part=\count275
\c@chapter=\count276
\c@section=\count277
\c@subsection=\count278
\c@subsubsection=\count279
\c@paragraph=\count280
\c@subparagraph=\count281
\c@figure=\count282
\c@table=\count283
\abovecaptionskip=\skip49
\belowcaptionskip=\skip50
\bibindent=\dimen148
)
(C:\Users\yovel\AppData\Local\Programs\MiKTeX\tex/latex/cmap\cmap.sty
Package: cmap 2021/02/06 v1.0j CMap support: searchable PDF
)
(C:\Users\yovel\AppData\Local\Programs\MiKTeX\tex/generic/pdftex\glyphtounicode
.tex) (C:\Users\yovel\AppData\Local\Programs\MiKTeX\tex/latex/base\fontenc.sty
Package: fontenc 2025/07/18 v2.1d Standard LaTeX package
<<t1.cmap>>)
(C:\Users\yovel\AppData\Local\Programs\MiKTeX\tex/latex/psnfss\times.sty
Package: times 2020/03/25 PSNFSS-v9.3 (SPQR) 
)
(C:\Users\yovel\AppData\Local\Programs\MiKTeX\tex/latex/base\inputenc.sty
Package: inputenc 2024/02/08 v1.3d Input encoding file
\inpenc@prehook=\toks17
\inpenc@posthook=\toks18
)
(C:\Users\yovel\AppData\Local\Programs\MiKTeX\tex/generic/babel\babel.sty
Package: babel 2026/03/08 v26.4 The multilingual framework for LuaLaTeX, pdfLaT
eX and XeLaTeX
\babel@savecnt=\count284
LaTeX Encoding Info:    Redeclaring text command \ij (encoding OT1) on input li
ne 2078.
LaTeX Encoding Info:    Redeclaring text command \IJ (encoding OT1) on input li
ne 2080.
LaTeX Encoding Info:    Redeclaring text command \ij (encoding T1) on input lin
e 2082.
LaTeX Encoding Info:    Redeclaring text command \IJ (encoding T1) on input lin
e 2083.
LaTeX Encoding Info:    Ignoring declaration for text command \ij (encoding ?) 
on input line 2084.
LaTeX Encoding Info:    Ignoring declaration for text command \IJ (encoding ?) 
on input line 2086.
LaTeX Encoding Info:    Ignoring declaration for text command \SS (encoding ?) 
on input line 2111.
\U@D=\dimen149
\l@unhyphenated=\language79

(C:\Users\yovel\AppData\Local\Programs\MiKTeX\tex/generic/babel\txtbabel.def)
\bbl@readstream=\read2
\bbl@dirlevel=\count285
Package babel Info: Configuration files are deprecated, as
(babel)             they can break document portability.
(babel)             Reported on input line 4206.

*************************************
* Local config file bblopts.cfg used
*
(C:\Users\yovel\AppData\Local\Programs\MiKTeX\tex/latex/arabi\bblopts.cfg
File: bblopts.cfg 2005/09/08 v0.1 add Arabic and Farsi to "declared" options of
 babel
)
(C:\Users\yovel\AppData\Local\Programs\MiKTeX\tex/generic/babel/locale/he\babel
-hebrew.tex)
(C:\Users\yovel\AppData\Local\Programs\MiKTeX\tex/generic/babel/locale/en\babel
-english.tex)
(C:\Users\yovel\AppData\Local\Programs\MiKTeX\tex/latex/babel-hebrew\rlbabel.de
f
File: rlbabel.def 2026/02/16 v2.5 Right-to-Left support from the babel system H
ebrew language support from the babel system
\heb@n@everypar=\toks19
LaTeX Info: Redefining \underline on input line 965.
)
Package babel Info: Importing font and identification data for hebrew
(babel)             from babel-he.ini. Reported on input line 4330.

(C:\Users\yovel\AppData\Local\Programs\MiKTeX\tex/latex/babel-hebrew\hebrew.ldf
File: hebrew.ldf 2026/02/16 v2.5 Hebrew language definition from the babel syst
em Hebrew language support from the babel system

Package babel Warning: No hyphenation patterns were preloaded for
(babel)                the language 'Hebrew' into the format.
(babel)                Please, configure your TeX system to add them and
(babel)                rebuild the format. Now I will use the patterns
(babel)                preloaded for \language=0 instead on input line 39.

Package babel Info: Hyphen rules for 'hebrew' set to \l@english
(babel)             (\language0). Reported on input line 40.

(C:\Users\yovel\AppData\Local\Programs\MiKTeX\tex/latex/hebrew-fonts\nhe8enc.de
f
File: nhe8enc.def 2023/08/21 v1.3 8-bit Hebrew font encoding (test version: sti
ll liable to change)
Now handling font encoding NHE8 ...
... processing UTF-8 mapping file for font encoding NHE8

(C:\Users\yovel\AppData\Local\Programs\MiKTeX\tex/latex/hebrew-fonts\nhe8enc.df
u
File: nhe8enc.dfu 2023/08/21 v1.3 Hebrew input encoding file
   defining Unicode char U+20AA (decimal 8362)
   defining Unicode char U+05D0 (decimal 1488)
   defining Unicode char U+05D1 (decimal 1489)
   defining Unicode char U+05D2 (decimal 1490)
   defining Unicode char U+05D3 (decimal 1491)
   defining Unicode char U+05D4 (decimal 1492)
   defining Unicode char U+05D5 (decimal 1493)
   defining Unicode char U+05D6 (decimal 1494)
   defining Unicode char U+05D7 (decimal 1495)
   defining Unicode char U+05D8 (decimal 1496)
   defining Unicode char U+05D9 (decimal 1497)
   defining Unicode char U+05DA (decimal 1498)
   defining Unicode char U+05DB (decimal 1499)
   defining Unicode char U+05DC (decimal 1500)
   defining Unicode char U+05DD (decimal 1501)
   defining Unicode char U+05DE (decimal 1502)
   defining Unicode char U+05DF (decimal 1503)
   defining Unicode char U+05E0 (decimal 1504)
   defining Unicode char U+05E1 (decimal 1505)
   defining Unicode char U+05E2 (decimal 1506)
   defining Unicode char U+05E3 (decimal 1507)
   defining Unicode char U+05E4 (decimal 1508)
   defining Unicode char U+05E5 (decimal 1509)
   defining Unicode char U+05E6 (decimal 1510)
   defining Unicode char U+05E7 (decimal 1511)
   defining Unicode char U+05E8 (decimal 1512)
   defining Unicode char U+05E9 (decimal 1513)
   defining Unicode char U+05EA (decimal 1514)
   defining Unicode char U+05B0 (decimal 1456)
   defining Unicode char U+05B1 (decimal 1457)
   defining Unicode char U+05B2 (decimal 1458)
   defining Unicode char U+05B3 (decimal 1459)
   defining Unicode char U+05B4 (decimal 1460)
   defining Unicode char U+05B5 (decimal 1461)
   defining Unicode char U+05B6 (decimal 1462)
   defining Unicode char U+05B7 (decimal 1463)
   defining Unicode char U+05B8 (decimal 1464)
   defining Unicode char U+05B9 (decimal 1465)
   defining Unicode char U+05BA (decimal 1466)
   defining Unicode char U+05BB (decimal 1467)
   defining Unicode char U+05BC (decimal 1468)
   defining Unicode char U+05BD (decimal 1469)
   defining Unicode char U+05BE (decimal 1470)
   defining Unicode char U+05BF (decimal 1471)
   defining Unicode char U+05C0 (decimal 1472)
   defining Unicode char U+05C1 (decimal 1473)
   defining Unicode char U+05C2 (decimal 1474)
   defining Unicode char U+05C3 (decimal 1475)
   defining Unicode char U+05F0 (decimal 1520)
   defining Unicode char U+05F1 (decimal 1521)
   defining Unicode char U+05F2 (decimal 1522)
   defining Unicode char U+05F3 (decimal 1523)
   defining Unicode char U+05F4 (decimal 1524)
)))
Package babel Info: Importing font and identification data for english
(babel)             from babel-en.ini. Reported on input line 4330.

(C:\Users\yovel\AppData\Local\Programs\MiKTeX\tex/latex/babel-english\english.l
df
Language: english 2017/06/06 v3.3r English support from the babel system
Package babel Info: Hyphen rules for 'canadian' set to \l@english
(babel)             (\language0). Reported on input line 102.
Package babel Info: Hyphen rules for 'australian' set to \l@ukenglish
(babel)             (\language73). Reported on input line 105.
Package babel Info: Hyphen rules for 'newzealand' set to \l@ukenglish
(babel)             (\language73). Reported on input line 108.
))
(C:\Users\yovel\AppData\Local\Programs\MiKTeX\tex/latex/csquotes\csquotes.sty
Package: csquotes 2024-04-04 v5.2o context-sensitive quotations (JAW)

(C:\Users\yovel\AppData\Local\Programs\MiKTeX\tex/latex/etoolbox\etoolbox.sty
Package: etoolbox 2025/10/02 v2.5m e-TeX tools for LaTeX (JAW)
\etb@tempcnta=\count286
)
(C:\Users\yovel\AppData\Local\Programs\MiKTeX\tex/latex/graphics\keyval.sty
Package: keyval 2022/05/29 v1.15 key=value parser (DPC)
\KV@toks@=\toks20
)
\csq@reset=\count287
\csq@gtype=\count288
\csq@glevel=\count289
\csq@qlevel=\count290
\csq@maxlvl=\count291
\csq@tshold=\count292
\csq@ltx@everypar=\toks21

(C:\Users\yovel\AppData\Local\Programs\MiKTeX\tex/latex/csquotes\csquotes.def
File: csquotes.def 2024-04-04 v5.2o csquotes generic definitions (JAW)
)
Package csquotes Info: Trying to load configuration file 'csquotes.cfg'...
Package csquotes Info: ... configuration file loaded successfully.

(C:\Users\yovel\AppData\Local\Programs\MiKTeX\tex/latex/csquotes\csquotes.cfg
File: csquotes.cfg 
)) (C:\Users\yovel\AppData\Local\Programs\MiKTeX\tex/latex/biblatex\biblatex.st
y
Package: biblatex 2025/07/10 v3.21 programmable bibliographies (PK/MW)

(C:\Users\yovel\AppData\Local\Programs\MiKTeX\tex/generic/pdftexcmds\pdftexcmds
.sty
Package: pdftexcmds 2020-06-27 v0.33 Utility functions of pdfTeX for LuaTeX (HO
)

(C:\Users\yovel\AppData\Local\Programs\MiKTeX\tex/generic/infwarerr\infwarerr.s
ty
Package: infwarerr 2019/12/03 v1.5 Providing info/warning/error messages (HO)
) (C:\Users\yovel\AppData\Local\Programs\MiKTeX\tex/generic/iftex\iftex.sty
Package: iftex 2024/12/12 v1.0g TeX engine tests
)
(C:\Users\yovel\AppData\Local\Programs\MiKTeX\tex/generic/ltxcmds\ltxcmds.sty
Package: ltxcmds 2023-12-04 v1.26 LaTeX kernel commands for general use (HO)
)
Package pdftexcmds Info: \pdf@primitive is available.
Package pdftexcmds Info: \pdf@ifprimitive is available.
Package pdftexcmds Info: \pdfdraftmode found.
)
(C:\Users\yovel\AppData\Local\Programs\MiKTeX\tex/latex/kvoptions\kvoptions.sty
Package: kvoptions 2022-06-15 v3.15 Key value format for package options (HO)

(C:\Users\yovel\AppData\Local\Programs\MiKTeX\tex/latex/kvsetkeys\kvsetkeys.sty
Package: kvsetkeys 2022-10-05 v1.19 Key value parser (HO)
)) (C:\Users\yovel\AppData\Local\Programs\MiKTeX\tex/latex/logreq\logreq.sty
Package: logreq 2010/08/04 v1.0 xml request logger
\lrq@indent=\count293

(C:\Users\yovel\AppData\Local\Programs\MiKTeX\tex/latex/logreq\logreq.def
File: logreq.def 2010/08/04 v1.0 logreq spec v1.0
))
(C:\Users\yovel\AppData\Local\Programs\MiKTeX\tex/latex/base\ifthen.sty
Package: ifthen 2024/03/16 v1.1e Standard LaTeX ifthen package (DPC)
)
(C:\Users\yovel\AppData\Local\Programs\MiKTeX\tex/latex/url\url.sty
\Urlmuskip=\muskip17
Package: url 2013/09/16  ver 3.4  Verb mode for urls, etc.
)
\c@tabx@nest=\count294
\c@listtotal=\count295
\c@listcount=\count296
\c@liststart=\count297
\c@liststop=\count298
\c@citecount=\count299
\c@citetotal=\count300
\c@multicitecount=\count301
\c@multicitetotal=\count302
\c@instcount=\count303
\c@maxnames=\count304
\c@minnames=\count305
\c@maxitems=\count306
\c@minitems=\count307
\c@citecounter=\count308
\c@maxcitecounter=\count309
\c@savedcitecounter=\count310
\c@uniquelist=\count311
\c@uniquename=\count312
\c@refsection=\count313
\c@refsegment=\count314
\c@maxextratitle=\count315
\c@maxextratitleyear=\count316
\c@maxextraname=\count317
\c@maxextradate=\count318
\c@maxextraalpha=\count319
\c@abbrvpenalty=\count320
\c@highnamepenalty=\count321
\c@lownamepenalty=\count322
\c@maxparens=\count323
\c@parenlevel=\count324
\blx@tempcnta=\count325
\blx@tempcntb=\count326
\blx@tempcntc=\count327
\c@blx@maxsection=\count328
\blx@maxsegment@0=\count329
\blx@notetype=\count330
\blx@parenlevel@text=\count331
\blx@parenlevel@foot=\count332
\blx@sectionciteorder@0=\count333
\blx@sectionciteorderinternal@0=\count334
\blx@entrysetcounter=\count335
\blx@biblioinstance=\count336
\labelnumberwidth=\skip51
\labelalphawidth=\skip52
\biblabelsep=\skip53
\bibitemsep=\skip54
\bibnamesep=\skip55
\bibinitsep=\skip56
\bibparsep=\skip57
\bibhang=\skip58
\blx@bcfin=\read3
\blx@bcfout=\write3
\blx@langwohyphens=\language80
\c@mincomprange=\count337
\c@maxcomprange=\count338
\c@mincompwidth=\count339
Package biblatex Info: Trying to load biblatex default data model...
Package biblatex Info: ... file 'blx-dm.def' found.

(C:\Users\yovel\AppData\Local\Programs\MiKTeX\tex/latex/biblatex\blx-dm.def
File: blx-dm.def 2025/07/10 v3.21 biblatex datamodel (PK/MW)
)
Package biblatex Info: Trying to load biblatex style data model...
Package biblatex Info: ... file 'apa.dbx' found.

(C:\Users\yovel\AppData\Local\Programs\MiKTeX\tex/latex/biblatex-apa\apa.dbx
File: apa.dbx 2025/08/27 v9.20 APA biblatex style data model
)
Package biblatex Info: Trying to load biblatex custom data model...
Package biblatex Info: ... file 'biblatex-dm.cfg' not found.
\c@afterword=\count340
\c@savedafterword=\count341
\c@annotator=\count342
\c@savedannotator=\count343
\c@author=\count344
\c@savedauthor=\count345
\c@bookauthor=\count346
\c@savedbookauthor=\count347
\c@commentator=\count348
\c@savedcommentator=\count349
\c@editor=\count350
\c@savededitor=\count351
\c@editora=\count352
\c@savededitora=\count353
\c@editorb=\count354
\c@savededitorb=\count355
\c@editorc=\count356
\c@savededitorc=\count357
\c@foreword=\count358
\c@savedforeword=\count359
\c@holder=\count360
\c@savedholder=\count361
\c@introduction=\count362
\c@savedintroduction=\count363
\c@namea=\count364
\c@savednamea=\count365
\c@nameb=\count366
\c@savednameb=\count367
\c@namec=\count368
\c@savednamec=\count369
\c@translator=\count370
\c@savedtranslator=\count371
\c@shortauthor=\count372
\c@savedshortauthor=\count373
\c@shorteditor=\count374
\c@savedshorteditor=\count375
\c@narrator=\count376
\c@savednarrator=\count377
\c@execproducer=\count378
\c@savedexecproducer=\count379
\c@execdirector=\count380
\c@savedexecdirector=\count381
\c@with=\count382
\c@savedwith=\count383
\c@labelname=\count384
\c@savedlabelname=\count385
\c@institution=\count386
\c@savedinstitution=\count387
\c@lista=\count388
\c@savedlista=\count389
\c@listb=\count390
\c@savedlistb=\count391
\c@listc=\count392
\c@savedlistc=\count393
\c@listd=\count394
\c@savedlistd=\count395
\c@liste=\count396
\c@savedliste=\count397
\c@listf=\count398
\c@savedlistf=\count399
\c@location=\count400
\c@savedlocation=\count401
\c@organization=\count402
\c@savedorganization=\count403
\c@origlocation=\count404
\c@savedoriglocation=\count405
\c@origpublisher=\count406
\c@savedorigpublisher=\count407
\c@publisher=\count408
\c@savedpublisher=\count409
\c@language=\count410
\c@savedlanguage=\count411
\c@origlanguage=\count412
\c@savedoriglanguage=\count413
\c@citation=\count414
\c@savedcitation=\count415
\c@pageref=\count416
\c@savedpageref=\count417
\shorthandwidth=\skip59
\shortjournalwidth=\skip60
\shortserieswidth=\skip61
\shorttitlewidth=\skip62
\shortauthorwidth=\skip63
\shorteditorwidth=\skip64
\locallabelnumberwidth=\skip65
\locallabelalphawidth=\skip66
\localshorthandwidth=\skip67
\localshortjournalwidth=\skip68
\localshortserieswidth=\skip69
\localshorttitlewidth=\skip70
\localshortauthorwidth=\skip71
\localshorteditorwidth=\skip72
Package biblatex Info: Trying to load compatibility code...
Package biblatex Info: ... file 'blx-compat.def' found.

(C:\Users\yovel\AppData\Local\Programs\MiKTeX\tex/latex/biblatex\blx-compat.def
File: blx-compat.def 2025/07/10 v3.21 biblatex compatibility (PK/MW)
)
Package biblatex Info: Trying to load generic definitions...
Package biblatex Info: ... file 'biblatex.def' found.
 (C:\Users\yovel\AppData\Local\Programs\MiKTeX\tex/latex/biblatex\biblatex.def
File: biblatex.def 2025/07/10 v3.21 biblatex compatibility (PK/MW)
\c@textcitecount=\count418
\c@textcitetotal=\count419
\c@textcitemaxnames=\count420
\c@biburlbigbreakpenalty=\count421
\c@biburlbreakpenalty=\count422
\c@biburlnumpenalty=\count423
\c@biburlucpenalty=\count424
\c@biburllcpenalty=\count425
\biburlbigskip=\muskip18
\biburlnumskip=\muskip19
\biburlucskip=\muskip20
\biburllcskip=\muskip21
\c@smartand=\count426
)
Package biblatex Info: Trying to load bibliography style 'apa'...
Package biblatex Info: ... file 'apa.bbx' found.
 (C:\Users\yovel\AppData\Local\Programs\MiKTeX\tex/latex/biblatex-apa\apa.bbx
File: apa.bbx 2025/08/27 v9.20 APA biblatex references style
Package biblatex Info: Trying to load bibliography style 'standard'...
Package biblatex Info: ... file 'standard.bbx' found.

(C:\Users\yovel\AppData\Local\Programs\MiKTeX\tex/latex/biblatex/bbx\standard.b
bx
File: standard.bbx 2025/07/10 v3.21 biblatex bibliography style (PK/MW)
\c@bbx:relatedcount=\count427
\c@bbx:relatedtotal=\count428
)
Package biblatex Info: Delimiter 'nameyeardelim' in context 'bib' already defin
ed, overwriting.
Package biblatex Info: Delimiter 'nameyeardelim' in context 'biblist' already d
efined, overwriting.
Package biblatex Info: Delimiter 'nonameyeardelim' in context 'bib' already def
ined, overwriting.
Package biblatex Info: Delimiter 'nonameyeardelim' in context 'biblist' already
 defined, overwriting.
)
Package biblatex Info: Trying to load citation style 'apa'...
Package biblatex Info: ... file 'apa.cbx' found.

(C:\Users\yovel\AppData\Local\Programs\MiKTeX\tex/latex/biblatex-apa\apa.cbx
File: apa.cbx 2025/08/27 v9.20 APA biblatex citation style
Package biblatex Info: Delimiter 'nameyeardelim' in context '' already defined,
 overwriting.
Package biblatex Info: Delimiter 'andothersdelim' in context '' already defined
, overwriting.
Package biblatex Info: Redefining '\fullcite'.
Package biblatex Info: Redefining '\citeauthor'.
Package biblatex Info: Redefining '\citeyear'.
Package biblatex Info: Redefining '\cite'.
Package biblatex Info: Redefining '\cites'.
Package biblatex Info: Redefining '\parencite'.
Package biblatex Info: Redefining '\parencites'.
Package biblatex Info: Redefining '\footcite'.
Package biblatex Info: Redefining '\footcites'.
Package biblatex Info: Redefining '\footcitetext'.
Package biblatex Info: Redefining '\footcitetexts'.
Package biblatex Info: Redefining '\smartcite'.
Package biblatex Info: Redefining '\smartcites'.
Package biblatex Info: Redefining '\textcite'.
Package biblatex Info: Redefining '\textcites'.
)
Package biblatex Info: Trying to load configuration file...
Package biblatex Info: ... file 'biblatex.cfg' found.

(C:\Users\yovel\AppData\Local\Programs\MiKTeX\tex/latex/biblatex\biblatex.cfg
File: biblatex.cfg 
)
Package biblatex Info: Input encoding 'utf8' detected.
Package biblatex Info: Document encoding is UTF8 ....

(C:\Users\yovel\AppData\Local\Programs\MiKTeX\tex/latex/l3kernel\expl3.sty
Package: expl3 2026-01-19 L3 programming layer (loader) 

(C:\Users\yovel\AppData\Local\Programs\MiKTeX\tex/latex/l3backend\l3backend-pdf
tex.def
File: l3backend-pdftex.def 2025-10-09 L3 backend support: PDF output (pdfTeX)
\l__color_backend_stack_int=\count429
))
Package biblatex Info: ... and expl3
(biblatex)             2026-01-19 L3 programming layer (loader) 
(biblatex)             is new enough (at least 2020/04/06),
(biblatex)             setting 'casechanger=expl3'.

(C:\Users\yovel\AppData\Local\Programs\MiKTeX\tex/latex/biblatex\blx-case-expl3
.sty
(C:\Users\yovel\AppData\Local\Programs\MiKTeX\tex/latex/l3packages/xparse\xpars
e.sty
Package: xparse 2025-10-09 L3 Experimental document command parser
)
Package: blx-case-expl3 2025/07/10 v3.21 expl3 case changing code for biblatex
))
(C:\Users\yovel\AppData\Local\Programs\MiKTeX\tex/latex/makecell\makecell.sty
Package: makecell 2009/08/03 V0.1e Managing of Tab Column Heads and Cells

(C:\Users\yovel\AppData\Local\Programs\MiKTeX\tex/latex/tools\array.sty
Package: array 2025/09/25 v2.6n Tabular extension package (FMi)
\col@sep=\dimen150
\ar@mcellbox=\box53
\extrarowheight=\dimen151
\NC@list=\toks22
\extratabsurround=\skip73
\backup@length=\skip74
\ar@cellbox=\box54
)
\rotheadsize=\dimen152
\c@nlinenum=\count430
\TeXr@lab=\toks23
)
(C:\Users\yovel\AppData\Local\Programs\MiKTeX\tex/latex/adjustbox\adjustbox.sty
Package: adjustbox 2025/02/26 v1.3c Adjusting TeX boxes (trim, clip, ...)
(C:\Users\yovel\AppData\Local\Programs\MiKTeX\tex/latex/xkeyval\xkeyval.sty
Package: xkeyval 2022/06/16 v2.9 package option processing (HA)

(C:\Users\yovel\AppData\Local\Programs\MiKTeX\tex/generic/xkeyval\xkeyval.tex
(C:\Users\yovel\AppData\Local\Programs\MiKTeX\tex/generic/xkeyval\xkvutils.tex
\XKV@toks=\toks24
\XKV@tempa@toks=\toks25
)
\XKV@depth=\count431
File: xkeyval.tex 2014/12/03 v2.7a key=value parser (HA)
))
(C:\Users\yovel\AppData\Local\Programs\MiKTeX\tex/latex/adjustbox\adjcalc.sty
Package: adjcalc 2012/05/16 v1.1 Provides advanced setlength with multiple back
-ends (calc, etex, pgfmath)
)
(C:\Users\yovel\AppData\Local\Programs\MiKTeX\tex/latex/adjustbox\trimclip.sty
Package: trimclip 2025/02/21 v1.2a Trim and clip general TeX material

(C:\Users\yovel\AppData\Local\Programs\MiKTeX\tex/latex/graphics\graphicx.sty
Package: graphicx 2024/12/31 v1.2e Enhanced LaTeX Graphics (DPC,SPQR)

(C:\Users\yovel\AppData\Local\Programs\MiKTeX\tex/latex/graphics\graphics.sty
Package: graphics 2024/08/06 v1.4g Standard LaTeX Graphics (DPC,SPQR)

(C:\Users\yovel\AppData\Local\Programs\MiKTeX\tex/latex/graphics\trig.sty
Package: trig 2023/12/02 v1.11 sin cos tan (DPC)
)
(C:\Users\yovel\AppData\Local\Programs\MiKTeX\tex/latex/graphics-cfg\graphics.c
fg
File: graphics.cfg 2016/06/04 v1.11 sample graphics configuration
)
Package graphics Info: Driver file: pdftex.def on input line 106.

(C:\Users\yovel\AppData\Local\Programs\MiKTeX\tex/latex/graphics-def\pdftex.def
File: pdftex.def 2025/09/29 v1.2d Graphics/color driver for pdftex
))
\Gin@req@height=\dimen153
\Gin@req@width=\dimen154
)
(C:\Users\yovel\AppData\Local\Programs\MiKTeX\tex/latex/collectbox\collectbox.s
ty
Package: collectbox 2022/10/17 v0.4c Collect macro arguments as boxes
\collectedbox=\box55
)
\tc@llx=\dimen155
\tc@lly=\dimen156
\tc@urx=\dimen157
\tc@ury=\dimen158
Package trimclip Info: Using driver 'tc-pdftex.def'.

(C:\Users\yovel\AppData\Local\Programs\MiKTeX\tex/latex/adjustbox\tc-pdftex.def
File: tc-pdftex.def 2025/02/26 v2.3 Clipping driver for pdftex
))
\adjbox@Width=\dimen159
\adjbox@Height=\dimen160
\adjbox@Depth=\dimen161
\adjbox@Totalheight=\dimen162
\adjbox@pwidth=\dimen163
\adjbox@pheight=\dimen164
\adjbox@pdepth=\dimen165
\adjbox@ptotalheight=\dimen166

(C:\Users\yovel\AppData\Local\Programs\MiKTeX\tex/latex/ifoddpage\ifoddpage.sty
Package: ifoddpage 2022/10/18 v1.2 Conditionals for odd/even page detection
\c@checkoddpage=\count432
) (C:\Users\yovel\AppData\Local\Programs\MiKTeX\tex/latex/varwidth\varwidth.sty
Package: varwidth 2009/03/30 ver 0.92;  Variable-width minipages
\@vwid@box=\box56
\sift@deathcycles=\count433
\@vwid@loff=\dimen167
\@vwid@roff=\dimen168
)
==> First Aid for varwidth.sty applied!
) (C:\Users\yovel\AppData\Local\Programs\MiKTeX\tex/latex/amsmath\amsmath.sty
Package: amsmath 2025/07/09 v2.17z AMS math features
\@mathmargin=\skip75

For additional information on amsmath, use the `?' option.
(C:\Users\yovel\AppData\Local\Programs\MiKTeX\tex/latex/amsmath\amstext.sty
Package: amstext 2024/11/17 v2.01 AMS text

(C:\Users\yovel\AppData\Local\Programs\MiKTeX\tex/latex/amsmath\amsgen.sty
File: amsgen.sty 1999/11/30 v2.0 generic functions
\@emptytoks=\toks26
\ex@=\dimen169
))
(C:\Users\yovel\AppData\Local\Programs\MiKTeX\tex/latex/amsmath\amsbsy.sty
Package: amsbsy 1999/11/29 v1.2d Bold Symbols
\pmbraise@=\dimen170
)
(C:\Users\yovel\AppData\Local\Programs\MiKTeX\tex/latex/amsmath\amsopn.sty
Package: amsopn 2022/04/08 v2.04 operator names
)
\inf@bad=\count434
LaTeX Info: Redefining \frac on input line 233.
\uproot@=\count435
\leftroot@=\count436
LaTeX Info: Redefining \overline on input line 398.
LaTeX Info: Redefining \colon on input line 409.
\classnum@=\count437
\DOTSCASE@=\count438
LaTeX Info: Redefining \ldots on input line 495.
LaTeX Info: Redefining \dots on input line 498.
LaTeX Info: Redefining \cdots on input line 619.
\Mathstrutbox@=\box57
\strutbox@=\box58
LaTeX Info: Redefining \big on input line 721.
LaTeX Info: Redefining \Big on input line 722.
LaTeX Info: Redefining \bigg on input line 723.
LaTeX Info: Redefining \Bigg on input line 724.
\big@size=\dimen171
LaTeX Font Info:    Redeclaring font encoding OML on input line 742.
LaTeX Font Info:    Redeclaring font encoding OMS on input line 743.
\macc@depth=\count439
LaTeX Info: Redefining \bmod on input line 904.
LaTeX Info: Redefining \pmod on input line 909.
LaTeX Info: Redefining \smash on input line 939.
LaTeX Info: Redefining \relbar on input line 969.
LaTeX Info: Redefining \Relbar on input line 970.
\c@MaxMatrixCols=\count440
\dotsspace@=\muskip22
\c@parentequation=\count441
\dspbrk@lvl=\count442
\tag@help=\toks27
\row@=\count443
\column@=\count444
\maxfields@=\count445
\andhelp@=\toks28
\eqnshift@=\dimen172
\alignsep@=\dimen173
\tagshift@=\dimen174
\tagwidth@=\dimen175
\totwidth@=\dimen176
\lineht@=\dimen177
\@envbody=\toks29
\multlinegap=\skip76
\multlinetaggap=\skip77
\mathdisplay@stack=\toks30
LaTeX Info: Redefining \[ on input line 2950.
LaTeX Info: Redefining \] on input line 2951.
)
(C:\Users\yovel\AppData\Local\Programs\MiKTeX\tex/latex/amsfonts\amssymb.sty
Package: amssymb 2013/01/14 v3.01 AMS font symbols

(C:\Users\yovel\AppData\Local\Programs\MiKTeX\tex/latex/amsfonts\amsfonts.sty
Package: amsfonts 2013/01/14 v3.01 Basic AMSFonts support
\symAMSa=\mathgroup4
\symAMSb=\mathgroup5
LaTeX Font Info:    Redeclaring math symbol \hbar on input line 98.
LaTeX Font Info:    Overwriting math alphabet `\mathfrak' in version `bold'
(Font)                  U/euf/m/n --> U/euf/b/n on input line 106.
)) (C:\Users\yovel\AppData\Local\Programs\MiKTeX\tex/latex/booktabs\booktabs.st
y
Package: booktabs 2020/01/12 v1.61803398 Publication quality tables
\heavyrulewidth=\dimen178
\lightrulewidth=\dimen179
\cmidrulewidth=\dimen180
\belowrulesep=\dimen181
\belowbottomsep=\dimen182
\aboverulesep=\dimen183
\abovetopsep=\dimen184
\cmidrulesep=\dimen185
\cmidrulekern=\dimen186
\defaultaddspace=\dimen187
\@cmidla=\count446
\@cmidlb=\count447
\@aboverulesep=\dimen188
\@belowrulesep=\dimen189
\@thisruleclass=\count448
\@lastruleclass=\count449
\@thisrulewidth=\dimen190
) (C:\Users\yovel\AppData\Local\Programs\MiKTeX\tex/latex/geometry\geometry.sty
Package: geometry 2026/03/07 v6.0 Page Geometry

(C:\Users\yovel\AppData\Local\Programs\MiKTeX\tex/generic/iftex\ifvtex.sty
Package: ifvtex 2019/10/25 v1.7 ifvtex legacy package. Use iftex instead.
)
\Gm@cnth=\count450
\Gm@cntv=\count451
\c@Gm@tempcnt=\count452
\Gm@bindingoffset=\dimen191
\Gm@wd@mp=\dimen192
\Gm@odd@mp=\dimen193
\Gm@even@mp=\dimen194
\Gm@layoutwidth=\dimen195
\Gm@layoutheight=\dimen196
\Gm@layouthoffset=\dimen197
\Gm@layoutvoffset=\dimen198
\Gm@dimlist=\toks31

(C:\Users\yovel\AppData\Local\Programs\MiKTeX\tex/latex/geometry\geometry.cfg))
(C:\Users\yovel\AppData\Local\Programs\MiKTeX\tex/latex/setspace\setspace.sty
Package: setspace 2022/12/04 v6.7b set line spacing
)
(C:\Users\yovel\AppData\Local\Programs\MiKTeX\tex/latex/float\float.sty
Package: float 2001/11/08 v1.3d Float enhancements (AL)
\c@float@type=\count453
\float@exts=\toks32
\float@box=\box59
\@float@everytoks=\toks33
\@floatcapt=\box60
)
(C:\Users\yovel\AppData\Local\Programs\MiKTeX\tex/latex/enumitem\enumitem.sty
Package: enumitem 2025/02/06 v3.11 Customized lists
\labelindent=\skip78
\enit@outerparindent=\dimen199
\enit@toks=\toks34
\enit@inbox=\box61
\enit@count@id=\count454
\enitdp@description=\count455
)
(C:\Users\yovel\AppData\Local\Programs\MiKTeX\tex/latex/placeins\placeins.sty
Package: placeins 2005/04/18  v 2.2
)
(C:\Users\yovel\AppData\Local\Programs\MiKTeX\tex/latex/caption\subcaption.sty
Package: subcaption 2023/07/28 v1.6b Sub-captions (AR)

(C:\Users\yovel\AppData\Local\Programs\MiKTeX\tex/latex/caption\caption.sty
Package: caption 2023/08/05 v3.6o Customizing captions (AR)

(C:\Users\yovel\AppData\Local\Programs\MiKTeX\tex/latex/caption\caption3.sty
Package: caption3 2023/07/31 v2.4d caption3 kernel (AR)
\caption@tempdima=\dimen256
\captionmargin=\dimen257
\caption@leftmargin=\dimen258
\caption@rightmargin=\dimen259
\caption@width=\dimen260
\caption@indent=\dimen261
\caption@parindent=\dimen262
\caption@hangindent=\dimen263
Package caption Info: Unknown document class (or package),
(caption)             standard defaults will be used.
Package caption Info: \@makecaption = \long macro:#1#2->\vskip \abovecaptionski
p \begin {center}#1: #2\end {center} \par \vskip \belowcaptionskip  on input li
ne 1175.
)

Package caption Warning: Unknown document class (or package),
(caption)                standard defaults will be used.
See the caption package documentation for explanation.

\c@caption@flags=\count456
\c@continuedfloat=\count457
Package caption Info: float package is loaded.
)
Package caption Info: New subtype `subfigure' on input line 238.
\c@subfigure=\count458
Package caption Info: New subtype `subtable' on input line 238.
\c@subtable=\count459
)
(C:\Users\yovel\AppData\Local\Programs\MiKTeX\tex/latex/pgf/frontendlayer\tikz.
sty
(C:\Users\yovel\AppData\Local\Programs\MiKTeX\tex/latex/pgf/basiclayer\pgf.sty
(C:\Users\yovel\AppData\Local\Programs\MiKTeX\tex/latex/pgf/utilities\pgfrcs.st
y
(C:\Users\yovel\AppData\Local\Programs\MiKTeX\tex/generic/pgf/utilities\pgfutil
-common.tex
\pgfutil@everybye=\toks35
\pgfutil@tempdima=\dimen264
\pgfutil@tempdimb=\dimen265
)
(C:\Users\yovel\AppData\Local\Programs\MiKTeX\tex/generic/pgf/utilities\pgfutil
-latex.def
\pgfutil@abb=\box62
)
(C:\Users\yovel\AppData\Local\Programs\MiKTeX\tex/generic/pgf/utilities\pgfrcs.
code.tex
(C:\Users\yovel\AppData\Local\Programs\MiKTeX\tex/generic/pgf\pgf.revision.tex)
Package: pgfrcs 2025-08-29 v3.1.11a (3.1.11a)
))
Package: pgf 2025-08-29 v3.1.11a (3.1.11a)

(C:\Users\yovel\AppData\Local\Programs\MiKTeX\tex/latex/pgf/basiclayer\pgfcore.
sty
(C:\Users\yovel\AppData\Local\Programs\MiKTeX\tex/latex/pgf/systemlayer\pgfsys.
sty
(C:\Users\yovel\AppData\Local\Programs\MiKTeX\tex/generic/pgf/systemlayer\pgfsy
s.code.tex
Package: pgfsys 2025-08-29 v3.1.11a (3.1.11a)

(C:\Users\yovel\AppData\Local\Programs\MiKTeX\tex/generic/pgf/utilities\pgfkeys
.code.tex
\pgfkeys@pathtoks=\toks36
\pgfkeys@temptoks=\toks37

(C:\Users\yovel\AppData\Local\Programs\MiKTeX\tex/generic/pgf/utilities\pgfkeys
libraryfiltered.code.tex
\pgfkeys@tmptoks=\toks38
))
\pgf@x=\dimen266
\pgf@y=\dimen267
\pgf@xa=\dimen268
\pgf@ya=\dimen269
\pgf@xb=\dimen270
\pgf@yb=\dimen271
\pgf@xc=\dimen272
\pgf@yc=\dimen273
\pgf@xd=\dimen274
\pgf@yd=\dimen275
\w@pgf@writea=\write4
\r@pgf@reada=\read4
\c@pgf@counta=\count460
\c@pgf@countb=\count461
\c@pgf@countc=\count462
\c@pgf@countd=\count463
\t@pgf@toka=\toks39
\t@pgf@tokb=\toks40
\t@pgf@tokc=\toks41
\pgf@sys@id@count=\count464

(C:\Users\yovel\AppData\Local\Programs\MiKTeX\tex/generic/pgf/systemlayer\pgf.c
fg
File: pgf.cfg 2025-08-29 v3.1.11a (3.1.11a)
)
Driver file for pgf: pgfsys-pdftex.def

(C:\Users\yovel\AppData\Local\Programs\MiKTeX\tex/generic/pgf/systemlayer\pgfsy
s-pdftex.def
File: pgfsys-pdftex.def 2025-08-29 v3.1.11a (3.1.11a)

(C:\Users\yovel\AppData\Local\Programs\MiKTeX\tex/generic/pgf/systemlayer\pgfsy
s-common-pdf.def
File: pgfsys-common-pdf.def 2025-08-29 v3.1.11a (3.1.11a)
)))
(C:\Users\yovel\AppData\Local\Programs\MiKTeX\tex/generic/pgf/systemlayer\pgfsy
ssoftpath.code.tex
File: pgfsyssoftpath.code.tex 2025-08-29 v3.1.11a (3.1.11a)
\pgfsyssoftpath@smallbuffer@items=\count465
\pgfsyssoftpath@bigbuffer@items=\count466
)
(C:\Users\yovel\AppData\Local\Programs\MiKTeX\tex/generic/pgf/systemlayer\pgfsy
sprotocol.code.tex
File: pgfsysprotocol.code.tex 2025-08-29 v3.1.11a (3.1.11a)
))
(C:\Users\yovel\AppData\Local\Programs\MiKTeX\tex/latex/xcolor\xcolor.sty
Package: xcolor 2024/09/29 v3.02 LaTeX color extensions (UK)

(C:\Users\yovel\AppData\Local\Programs\MiKTeX\tex/latex/graphics-cfg\color.cfg
File: color.cfg 2016/01/02 v1.6 sample color configuration
)
Package xcolor Info: Driver file: pdftex.def on input line 274.
(C:\Users\yovel\AppData\Local\Programs\MiKTeX\tex/latex/graphics\mathcolor.ltx)
Package xcolor Info: Model `cmy' substituted by `cmy0' on input line 1349.
Package xcolor Info: Model `hsb' substituted by `rgb' on input line 1353.
Package xcolor Info: Model `RGB' extended on input line 1365.
Package xcolor Info: Model `HTML' substituted by `rgb' on input line 1367.
Package xcolor Info: Model `Hsb' substituted by `hsb' on input line 1368.
Package xcolor Info: Model `tHsb' substituted by `hsb' on input line 1369.
Package xcolor Info: Model `HSB' substituted by `hsb' on input line 1370.
Package xcolor Info: Model `Gray' substituted by `gray' on input line 1371.
Package xcolor Info: Model `wave' substituted by `hsb' on input line 1372.
)
LaTeX Info: Redefining \color on input line 14.

(C:\Users\yovel\AppData\Local\Programs\MiKTeX\tex/generic/pgf/basiclayer\pgfcor
e.code.tex
Package: pgfcore 2025-08-29 v3.1.11a (3.1.11a)

(C:\Users\yovel\AppData\Local\Programs\MiKTeX\tex/generic/pgf/math\pgfmath.code
.tex
(C:\Users\yovel\AppData\Local\Programs\MiKTeX\tex/generic/pgf/math\pgfmathutil.
code.tex)
(C:\Users\yovel\AppData\Local\Programs\MiKTeX\tex/generic/pgf/math\pgfmathparse
r.code.tex
\pgfmath@dimen=\dimen276
\pgfmath@count=\count467
\pgfmath@box=\box63
\pgfmath@toks=\toks42
\pgfmath@stack@operand=\toks43
\pgfmath@stack@operation=\toks44
)
(C:\Users\yovel\AppData\Local\Programs\MiKTeX\tex/generic/pgf/math\pgfmathfunct
ions.code.tex)
(C:\Users\yovel\AppData\Local\Programs\MiKTeX\tex/generic/pgf/math\pgfmathfunct
ions.basic.code.tex)
(C:\Users\yovel\AppData\Local\Programs\MiKTeX\tex/generic/pgf/math\pgfmathfunct
ions.trigonometric.code.tex)
(C:\Users\yovel\AppData\Local\Programs\MiKTeX\tex/generic/pgf/math\pgfmathfunct
ions.random.code.tex)
(C:\Users\yovel\AppData\Local\Programs\MiKTeX\tex/generic/pgf/math\pgfmathfunct
ions.comparison.code.tex)
(C:\Users\yovel\AppData\Local\Programs\MiKTeX\tex/generic/pgf/math\pgfmathfunct
ions.base.code.tex)
(C:\Users\yovel\AppData\Local\Programs\MiKTeX\tex/generic/pgf/math\pgfmathfunct
ions.round.code.tex)
(C:\Users\yovel\AppData\Local\Programs\MiKTeX\tex/generic/pgf/math\pgfmathfunct
ions.misc.code.tex)
(C:\Users\yovel\AppData\Local\Programs\MiKTeX\tex/generic/pgf/math\pgfmathfunct
ions.integerarithmetics.code.tex)
(C:\Users\yovel\AppData\Local\Programs\MiKTeX\tex/generic/pgf/math\pgfmathcalc.
code.tex)
(C:\Users\yovel\AppData\Local\Programs\MiKTeX\tex/generic/pgf/math\pgfmathfloat
.code.tex
\c@pgfmathroundto@lastzeros=\count468
))
(C:\Users\yovel\AppData\Local\Programs\MiKTeX\tex/generic/pgf/math\pgfint.code.
tex)
(C:\Users\yovel\AppData\Local\Programs\MiKTeX\tex/generic/pgf/basiclayer\pgfcor
epoints.code.tex
File: pgfcorepoints.code.tex 2025-08-29 v3.1.11a (3.1.11a)
\pgf@picminx=\dimen277
\pgf@picmaxx=\dimen278
\pgf@picminy=\dimen279
\pgf@picmaxy=\dimen280
\pgf@pathminx=\dimen281
\pgf@pathmaxx=\dimen282
\pgf@pathminy=\dimen283
\pgf@pathmaxy=\dimen284
\pgf@xx=\dimen285
\pgf@xy=\dimen286
\pgf@yx=\dimen287
\pgf@yy=\dimen288
\pgf@zx=\dimen289
\pgf@zy=\dimen290
)
(C:\Users\yovel\AppData\Local\Programs\MiKTeX\tex/generic/pgf/basiclayer\pgfcor
epathconstruct.code.tex
File: pgfcorepathconstruct.code.tex 2025-08-29 v3.1.11a (3.1.11a)
\pgf@path@lastx=\dimen291
\pgf@path@lasty=\dimen292
)
(C:\Users\yovel\AppData\Local\Programs\MiKTeX\tex/generic/pgf/basiclayer\pgfcor
epathusage.code.tex
File: pgfcorepathusage.code.tex 2025-08-29 v3.1.11a (3.1.11a)
\pgf@shorten@end@additional=\dimen293
\pgf@shorten@start@additional=\dimen294
)
(C:\Users\yovel\AppData\Local\Programs\MiKTeX\tex/generic/pgf/basiclayer\pgfcor
escopes.code.tex
File: pgfcorescopes.code.tex 2025-08-29 v3.1.11a (3.1.11a)
\pgfpic=\box64
\pgf@hbox=\box65
\pgf@layerbox@main=\box66
\pgf@picture@serial@count=\count469
)
(C:\Users\yovel\AppData\Local\Programs\MiKTeX\tex/generic/pgf/basiclayer\pgfcor
egraphicstate.code.tex
File: pgfcoregraphicstate.code.tex 2025-08-29 v3.1.11a (3.1.11a)
\pgflinewidth=\dimen295
)
(C:\Users\yovel\AppData\Local\Programs\MiKTeX\tex/generic/pgf/basiclayer\pgfcor
etransformations.code.tex
File: pgfcoretransformations.code.tex 2025-08-29 v3.1.11a (3.1.11a)
\pgf@pt@x=\dimen296
\pgf@pt@y=\dimen297
\pgf@pt@temp=\dimen298
)
(C:\Users\yovel\AppData\Local\Programs\MiKTeX\tex/generic/pgf/basiclayer\pgfcor
equick.code.tex
File: pgfcorequick.code.tex 2025-08-29 v3.1.11a (3.1.11a)
)
(C:\Users\yovel\AppData\Local\Programs\MiKTeX\tex/generic/pgf/basiclayer\pgfcor
eobjects.code.tex
File: pgfcoreobjects.code.tex 2025-08-29 v3.1.11a (3.1.11a)
)
(C:\Users\yovel\AppData\Local\Programs\MiKTeX\tex/generic/pgf/basiclayer\pgfcor
epathprocessing.code.tex
File: pgfcorepathprocessing.code.tex 2025-08-29 v3.1.11a (3.1.11a)
)
(C:\Users\yovel\AppData\Local\Programs\MiKTeX\tex/generic/pgf/basiclayer\pgfcor
earrows.code.tex
File: pgfcorearrows.code.tex 2025-08-29 v3.1.11a (3.1.11a)
\pgfarrowsep=\dimen299
)
(C:\Users\yovel\AppData\Local\Programs\MiKTeX\tex/generic/pgf/basiclayer\pgfcor
eshade.code.tex
File: pgfcoreshade.code.tex 2025-08-29 v3.1.11a (3.1.11a)
\pgf@max=\dimen300
\pgf@sys@shading@range@num=\count470
\pgf@shadingcount=\count471
)
(C:\Users\yovel\AppData\Local\Programs\MiKTeX\tex/generic/pgf/basiclayer\pgfcor
eimage.code.tex
File: pgfcoreimage.code.tex 2025-08-29 v3.1.11a (3.1.11a)
)
(C:\Users\yovel\AppData\Local\Programs\MiKTeX\tex/generic/pgf/basiclayer\pgfcor
eexternal.code.tex
File: pgfcoreexternal.code.tex 2025-08-29 v3.1.11a (3.1.11a)
\pgfexternal@startupbox=\box67
)
(C:\Users\yovel\AppData\Local\Programs\MiKTeX\tex/generic/pgf/basiclayer\pgfcor
elayers.code.tex
File: pgfcorelayers.code.tex 2025-08-29 v3.1.11a (3.1.11a)
)
(C:\Users\yovel\AppData\Local\Programs\MiKTeX\tex/generic/pgf/basiclayer\pgfcor
etransparency.code.tex
File: pgfcoretransparency.code.tex 2025-08-29 v3.1.11a (3.1.11a)
)
(C:\Users\yovel\AppData\Local\Programs\MiKTeX\tex/generic/pgf/basiclayer\pgfcor
epatterns.code.tex
File: pgfcorepatterns.code.tex 2025-08-29 v3.1.11a (3.1.11a)
)
(C:\Users\yovel\AppData\Local\Programs\MiKTeX\tex/generic/pgf/basiclayer\pgfcor
erdf.code.tex
File: pgfcorerdf.code.tex 2025-08-29 v3.1.11a (3.1.11a)
)))
(C:\Users\yovel\AppData\Local\Programs\MiKTeX\tex/generic/pgf/modules\pgfmodule
shapes.code.tex
File: pgfmoduleshapes.code.tex 2025-08-29 v3.1.11a (3.1.11a)
\pgfnodeparttextbox=\box68
)
(C:\Users\yovel\AppData\Local\Programs\MiKTeX\tex/generic/pgf/modules\pgfmodule
plot.code.tex
File: pgfmoduleplot.code.tex 2025-08-29 v3.1.11a (3.1.11a)
)
(C:\Users\yovel\AppData\Local\Programs\MiKTeX\tex/latex/pgf/compatibility\pgfco
mp-version-0-65.sty
Package: pgfcomp-version-0-65 2025-08-29 v3.1.11a (3.1.11a)
\pgf@nodesepstart=\dimen301
\pgf@nodesepend=\dimen302
)
(C:\Users\yovel\AppData\Local\Programs\MiKTeX\tex/latex/pgf/compatibility\pgfco
mp-version-1-18.sty
Package: pgfcomp-version-1-18 2025-08-29 v3.1.11a (3.1.11a)
))
(C:\Users\yovel\AppData\Local\Programs\MiKTeX\tex/latex/pgf/utilities\pgffor.st
y
(C:\Users\yovel\AppData\Local\Programs\MiKTeX\tex/latex/pgf/utilities\pgfkeys.s
ty
(C:\Users\yovel\AppData\Local\Programs\MiKTeX\tex/generic/pgf/utilities\pgfkeys
.code.tex))
(C:\Users\yovel\AppData\Local\Programs\MiKTeX\tex/latex/pgf/math\pgfmath.sty
(C:\Users\yovel\AppData\Local\Programs\MiKTeX\tex/generic/pgf/math\pgfmath.code
.tex))
(C:\Users\yovel\AppData\Local\Programs\MiKTeX\tex/generic/pgf/utilities\pgffor.
code.tex
Package: pgffor 2025-08-29 v3.1.11a (3.1.11a)
\pgffor@iter=\dimen303
\pgffor@skip=\dimen304
\pgffor@stack=\toks45
\pgffor@toks=\toks46
))
(C:\Users\yovel\AppData\Local\Programs\MiKTeX\tex/generic/pgf/frontendlayer/tik
z\tikz.code.tex
Package: tikz 2025-08-29 v3.1.11a (3.1.11a)

(C:\Users\yovel\AppData\Local\Programs\MiKTeX\tex/generic/pgf/libraries\pgflibr
aryplothandlers.code.tex
File: pgflibraryplothandlers.code.tex 2025-08-29 v3.1.11a (3.1.11a)
\pgf@plot@mark@count=\count472
\pgfplotmarksize=\dimen305
)
\tikz@lastx=\dimen306
\tikz@lasty=\dimen307
\tikz@lastxsaved=\dimen308
\tikz@lastysaved=\dimen309
\tikz@lastmovetox=\dimen310
\tikz@lastmovetoy=\dimen311
\tikzleveldistance=\dimen312
\tikzsiblingdistance=\dimen313
\tikz@figbox=\box69
\tikz@figbox@bg=\box70
\tikz@tempbox=\box71
\tikz@tempbox@bg=\box72
\tikztreelevel=\count473
\tikznumberofchildren=\count474
\tikznumberofcurrentchild=\count475
\tikz@fig@count=\count476

(C:\Users\yovel\AppData\Local\Programs\MiKTeX\tex/generic/pgf/modules\pgfmodule
matrix.code.tex
File: pgfmodulematrix.code.tex 2025-08-29 v3.1.11a (3.1.11a)
\pgfmatrixcurrentrow=\count477
\pgfmatrixcurrentcolumn=\count478
\pgf@matrix@numberofcolumns=\count479
)
\tikz@expandcount=\count480

(C:\Users\yovel\AppData\Local\Programs\MiKTeX\tex/generic/pgf/frontendlayer/tik
z/libraries\tikzlibrarytopaths.code.tex
File: tikzlibrarytopaths.code.tex 2025-08-29 v3.1.11a (3.1.11a)
)))
(C:\Users\yovel\AppData\Local\Programs\MiKTeX\tex/generic/pgf/frontendlayer/tik
z/libraries\tikzlibrarypositioning.code.tex
File: tikzlibrarypositioning.code.tex 2025-08-29 v3.1.11a (3.1.11a)
)
(C:\Users\yovel\AppData\Local\Programs\MiKTeX\tex/generic/pgf/libraries\pgflibr
aryarrows.meta.code.tex
File: pgflibraryarrows.meta.code.tex 2025-08-29 v3.1.11a (3.1.11a)
\pgfarrowinset=\dimen314
\pgfarrowlength=\dimen315
\pgfarrowwidth=\dimen316
\pgfarrowlinewidth=\dimen317
)
(C:\Users\yovel\AppData\Local\Programs\MiKTeX\tex/generic/pgf/frontendlayer/tik
z/libraries\tikzlibraryshapes.geometric.code.tex
File: tikzlibraryshapes.geometric.code.tex 2025-08-29 v3.1.11a (3.1.11a)

(C:\Users\yovel\AppData\Local\Programs\MiKTeX\tex/generic/pgf/libraries/shapes\
pgflibraryshapes.geometric.code.tex
File: pgflibraryshapes.geometric.code.tex 2025-08-29 v3.1.11a (3.1.11a)
))
(C:\Users\yovel\AppData\Local\Programs\MiKTeX\tex/latex/bookmark\bookmark.sty
Package: bookmark 2023-12-10 v1.31 PDF bookmarks (HO)

(C:\Users\yovel\AppData\Local\Programs\MiKTeX\tex/latex/hyperref\hyperref.sty
Package: hyperref 2026-01-29 v7.01p Hypertext links for LaTeX

(C:\Users\yovel\AppData\Local\Programs\MiKTeX\tex/generic/kvdefinekeys\kvdefine
keys.sty
Package: kvdefinekeys 2019-12-19 v1.6 Define keys (HO)
)
(C:\Users\yovel\AppData\Local\Programs\MiKTeX\tex/generic/pdfescape\pdfescape.s
ty
Package: pdfescape 2019/12/09 v1.15 Implements pdfTeX's escape features (HO)
) (C:\Users\yovel\AppData\Local\Programs\MiKTeX\tex/latex/hycolor\hycolor.sty
Package: hycolor 2020-01-27 v1.10 Color options for hyperref/bookmark (HO)
) (C:\Users\yovel\AppData\Local\Programs\MiKTeX\tex/latex/hyperref\nameref.sty
Package: nameref 2026-01-29 v2.58 Cross-referencing by name of section

(C:\Users\yovel\AppData\Local\Programs\MiKTeX\tex/latex/refcount\refcount.sty
Package: refcount 2019/12/15 v3.6 Data extraction from label references (HO)
)
(C:\Users\yovel\AppData\Local\Programs\MiKTeX\tex/generic/gettitlestring\gettit
lestring.sty
Package: gettitlestring 2019/12/15 v1.6 Cleanup title references (HO)
)
\c@section@level=\count481
)
(C:\Users\yovel\AppData\Local\Programs\MiKTeX\tex/generic/stringenc\stringenc.s
ty
Package: stringenc 2019/11/29 v1.12 Convert strings between diff. encodings (HO
)
)
\@linkdim=\dimen318
\Hy@linkcounter=\count482
\Hy@pagecounter=\count483
 (C:\Users\yovel\AppData\Local\Programs\MiKTeX\tex/latex/hyperref\pd1enc.def
File: pd1enc.def 2026-01-29 v7.01p Hyperref: PDFDocEncoding definition (HO)
Now handling font encoding PD1 ...
... no UTF-8 mapping file for font encoding PD1
) (C:\Users\yovel\AppData\Local\Programs\MiKTeX\tex/generic/intcalc\intcalc.sty
Package: intcalc 2019/12/15 v1.3 Expandable calculations with integers (HO)
)
\Hy@SavedSpaceFactor=\count484
 (C:\Users\yovel\AppData\Local\Programs\MiKTeX\tex/latex/hyperref\puenc.def
File: puenc.def 2026-01-29 v7.01p Hyperref: PDF Unicode definition (HO)
Now handling font encoding PU ...
... no UTF-8 mapping file for font encoding PU
)
Package hyperref Info: Hyper figures OFF on input line 4201.
Package hyperref Info: Link nesting OFF on input line 4206.
Package hyperref Info: Hyper index ON on input line 4209.
Package hyperref Info: Plain pages OFF on input line 4216.
Package hyperref Info: Backreferencing OFF on input line 4221.
Package hyperref Info: Implicit mode ON; LaTeX internals redefined.
Package hyperref Info: Bookmarks ON on input line 4468.
\c@Hy@tempcnt=\count485
LaTeX Info: Redefining \url on input line 4807.
\XeTeXLinkMargin=\dimen319

(C:\Users\yovel\AppData\Local\Programs\MiKTeX\tex/generic/bitset\bitset.sty
Package: bitset 2019/12/09 v1.3 Handle bit-vector datatype (HO)

(C:\Users\yovel\AppData\Local\Programs\MiKTeX\tex/generic/bigintcalc\bigintcalc
.sty
Package: bigintcalc 2019/12/15 v1.5 Expandable calculations on big integers (HO
)
))
\Fld@menulength=\count486
\Field@Width=\dimen320
\Fld@charsize=\dimen321
Package hyperref Info: Hyper figures OFF on input line 6084.
Package hyperref Info: Link nesting OFF on input line 6089.
Package hyperref Info: Hyper index ON on input line 6092.
Package hyperref Info: backreferencing OFF on input line 6099.
Package hyperref Info: Link coloring OFF on input line 6104.
Package hyperref Info: Link coloring with OCG OFF on input line 6109.
Package hyperref Info: PDF/A mode OFF on input line 6114.
\Hy@abspage=\count487
\c@Item=\count488
\c@Hfootnote=\count489
)
Package hyperref Info: Driver (autodetected): hpdftex.

(C:\Users\yovel\AppData\Local\Programs\MiKTeX\tex/latex/hyperref\hpdftex.def
File: hpdftex.def 2026-01-29 v7.01p Hyperref driver for pdfTeX
\Fld@listcount=\count490
\c@bookmark@seq@number=\count491

(C:\Users\yovel\AppData\Local\Programs\MiKTeX\tex/latex/rerunfilecheck\rerunfil
echeck.sty
Package: rerunfilecheck 2025-06-21 v1.11 Rerun checks for auxiliary files (HO)

(C:\Users\yovel\AppData\Local\Programs\MiKTeX\tex/generic/uniquecounter\uniquec
ounter.sty
Package: uniquecounter 2019/12/15 v1.4 Provide unlimited unique counter (HO)
)
Package uniquecounter Info: New unique counter `rerunfilecheck' on input line 2
84.
)
\Hy@SectionHShift=\skip79
)
(C:\Users\yovel\AppData\Local\Programs\MiKTeX\tex/latex/bookmark\bkm-pdftex.def
File: bkm-pdftex.def 2023-12-10 v1.31 bookmark driver for pdfTeX and luaTeX (HO
)
\BKM@id=\count492
)) (C:\Users\yovel\AppData\Local\Programs\MiKTeX\tex/latex/hypcap\hypcap.sty
Package: hypcap 2024-07-26 v1.13 Adjusting the anchors of captions (HO)

(C:\Users\yovel\AppData\Local\Programs\MiKTeX\tex/latex/letltxmacro\letltxmacro
.sty
Package: letltxmacro 2019/12/03 v1.6 Let assignment for LaTeX macros (HO)
))
(C:\Users\yovel\AppData\Local\Programs\MiKTeX\tex/latex/pdflscape\pdflscape.sty
Package: pdflscape 2022-10-27 v0.13 Display of landscape pages in PDF

(C:\Users\yovel\AppData\Local\Programs\MiKTeX\tex/latex/pdflscape\pdflscape-nom
etadata.sty
Package: pdflscape-nometadata 2022-10-28 v0.13 Display of landscape pages in PD
F (HO)

(C:\Users\yovel\AppData\Local\Programs\MiKTeX\tex/latex/graphics\lscape.sty
Package: lscape 2020/05/28 v3.02 Landscape Pages (DPC)
)
Package pdflscape Info: Auto-detected driver: pdftex on input line 81.
))
(C:\Users\yovel\AppData\Local\Programs\MiKTeX\tex/latex/tools\tabularx.sty
Package: tabularx 2023/12/11 v2.12a `tabularx' package (DPC)
\TX@col@width=\dimen322
\TX@old@table=\dimen323
\TX@old@col=\dimen324
\TX@target=\dimen325
\TX@delta=\dimen326
\TX@cols=\count493
\TX@ftn=\toks47
)
(C:\Users\yovel\AppData\Local\Programs\MiKTeX\tex/latex/ragged2e\ragged2e.sty
Package: ragged2e 2023/06/22 v3.6 ragged2e Package
\CenteringLeftskip=\skip80
\RaggedLeftLeftskip=\skip81
\RaggedRightLeftskip=\skip82
\CenteringRightskip=\skip83
\RaggedLeftRightskip=\skip84
\RaggedRightRightskip=\skip85
\CenteringParfillskip=\skip86
\RaggedLeftParfillskip=\skip87
\RaggedRightParfillskip=\skip88
\JustifyingParfillskip=\skip89
\CenteringParindent=\skip90
\RaggedLeftParindent=\skip91
\RaggedRightParindent=\skip92
\JustifyingParindent=\skip93
)
(C:\Users\yovel\AppData\Local\Programs\MiKTeX\tex/latex/siunitx\siunitx.sty
Package: siunitx 2025-07-09 v3.4.14 A comprehensive (SI) units package
\l__siunitx_number_uncert_offset_int=\count494
\l__siunitx_number_exponent_fixed_int=\count495
\l__siunitx_number_min_decimal_int=\count496
\l__siunitx_number_min_integer_int=\count497
\l__siunitx_number_round_precision_int=\count498
\l__siunitx_number_lower_threshold_int=\count499
\l__siunitx_number_upper_threshold_int=\count500
\l__siunitx_number_group_first_int=\count501
\l__siunitx_number_group_size_int=\count502
\l__siunitx_number_group_minimum_int=\count503
\l__siunitx_angle_tmp_dim=\dimen327
\l__siunitx_angle_marker_box=\box73
\l__siunitx_angle_unit_box=\box74
\l__siunitx_compound_count_int=\count504

(C:\Users\yovel\AppData\Local\Programs\MiKTeX\tex/latex/translations\translatio
ns.sty
Package: translations 2022/02/05 v1.12 internationalization of LaTeX2e packages
 (CN)
)
\l__siunitx_table_tmp_box=\box75
\l__siunitx_table_tmp_dim=\dimen328
\l__siunitx_table_column_width_dim=\dimen329
\l__siunitx_table_integer_box=\box76
\l__siunitx_table_decimal_box=\box77
\l__siunitx_table_uncert_box=\box78
\l__siunitx_table_before_box=\box79
\l__siunitx_table_after_box=\box80
\l__siunitx_table_before_dim=\dimen330
\l__siunitx_table_carry_dim=\dimen331
\l__siunitx_unit_tmp_int=\count505
\l__siunitx_unit_position_int=\count506
\l__siunitx_unit_total_int=\count507
)
Package hyperref Info: Option `colorlinks' set `true' on input line 66.
 (chapters/results_constants.tex)
Package csquotes Info: Checking for multilingual support...
Package csquotes Info: ... found 'babel' package.
Package csquotes Info: Adjusting default style.
Package csquotes Info: Redefining alias 'default' -> 'english'.
LaTeX Font Info:    Trying to load font information for T1+ptm on input line 78
.

(C:\Users\yovel\AppData\Local\Programs\MiKTeX\tex/latex/psnfss\t1ptm.fd
File: t1ptm.fd 2001/06/04 font definitions for T1/ptm.
)
(main.aux
LaTeX Font Info:    Trying to load font information for NHE8+ptm on input line 
14.
LaTeX Font Info:    No file NHE8ptm.fd. on input line 14.
LaTeX Font Info:    Trying to load font information for NHE8+cmr on input line 
14.

(C:\Users\yovel\AppData\Local\Programs\MiKTeX\tex/fonts/culmus\nhe8cmr.fd
File: nhe8cmr.fd 2023/08/17 v1 Hebrew roman font (test version: still liable to
 change)
)

LaTeX Font Warning: Font shape `NHE8/ptm/m/n' undefined
(Font)              using `NHE8/cmr/m/n' instead on input line 14.

)
\openout1 = `main.aux'.

LaTeX Font Info:    Checking defaults for OML/cmm/m/it on input line 78.
LaTeX Font Info:    ... okay on input line 78.
LaTeX Font Info:    Checking defaults for OMS/cmsy/m/n on input line 78.
LaTeX Font Info:    ... okay on input line 78.
LaTeX Font Info:    Checking defaults for OT1/cmr/m/n on input line 78.
LaTeX Font Info:    ... okay on input line 78.
LaTeX Font Info:    Checking defaults for T1/cmr/m/n on input line 78.
LaTeX Font Info:    ... okay on input line 78.
LaTeX Font Info:    Checking defaults for TS1/cmr/m/n on input line 78.
LaTeX Font Info:    ... okay on input line 78.
LaTeX Font Info:    Checking defaults for OMX/cmex/m/n on input line 78.
LaTeX Font Info:    ... okay on input line 78.
LaTeX Font Info:    Checking defaults for U/cmr/m/n on input line 78.
LaTeX Font Info:    ... okay on input line 78.
LaTeX Font Info:    Checking defaults for NHE8/cmr/m/n on input line 78.
LaTeX Font Info:    ... okay on input line 78.
LaTeX Font Info:    Checking defaults for PD1/pdf/m/n on input line 78.
LaTeX Font Info:    ... okay on input line 78.
LaTeX Font Info:    Checking defaults for PU/pdf/m/n on input line 78.
LaTeX Font Info:    ... okay on input line 78.
Package biblatex Info: Trying to load language 'english' -> 'english-apa'...
Package biblatex Info: ... file 'english-apa.lbx' found.

(C:\Users\yovel\AppData\Local\Programs\MiKTeX\tex/latex/biblatex-apa\english-ap
a.lbx
File: english-apa.lbx 2025/08/27 v9.20 APA biblatex localisation
Package biblatex Info: Trying to load language 'english'...
Package biblatex Info: ... file 'english.lbx' found.

(C:\Users\yovel\AppData\Local\Programs\MiKTeX\tex/latex/biblatex/lbx\english.lb
x
File: english.lbx 2025/07/10 v3.21 biblatex localization (PK/MW)
)
Package biblatex Info: Trying to load language 'american' -> 'american-apa'...
Package biblatex Info: ... file 'american-apa.lbx' found.

(C:\Users\yovel\AppData\Local\Programs\MiKTeX\tex/latex/biblatex-apa\american-a
pa.lbx
File: american-apa.lbx 2025/08/27 v9.20 APA biblatex localisation
Package biblatex Info: Trying to load language 'american'...
Package biblatex Info: ... file 'american.lbx' found.

(C:\Users\yovel\AppData\Local\Programs\MiKTeX\tex/latex/biblatex/lbx\american.l
bx
File: american.lbx 2025/07/10 v3.21 biblatex localization (PK/MW)
Package biblatex Info: Trying to load language 'english'...
Package biblatex Info: ... file 'english.lbx' found.

(C:\Users\yovel\AppData\Local\Programs\MiKTeX\tex/latex/biblatex/lbx\english.lb
x
File: english.lbx 2025/07/10 v3.21 biblatex localization (PK/MW)
))))

Package biblatex Warning: File 'hebrew-apa.lbx' not found!
(biblatex)                Ignoring mapping 'hebrew' -> 'hebrew-apa'.

Package biblatex Info: Trying to load language 'hebrew'...
Package biblatex Info: ... file 'hebrew.lbx' not found.

Package biblatex Warning: Language 'hebrew' not supported.
(biblatex)                Using dummy definitions on input line 78.

Package biblatex Info: Input encoding 'utf8' detected.
Package biblatex Info: Automatic encoding selection.
(biblatex)             Assuming data encoding 'utf8'.
\openout3 = `main.bcf'.

Package biblatex Info: Trying to load bibliographic data...
Package biblatex Info: ... file 'main.bbl' found.
(main.bbl)
Package biblatex Info: Reference section=0 on input line 78.
Package biblatex Info: Reference segment=0 on input line 78.

(C:\Users\yovel\AppData\Local\Programs\MiKTeX\tex/context/base/mkii\supp-pdf.mk
ii
[Loading MPS to PDF converter (version 2006.09.02).]
\scratchcounter=\count508
\scratchdimen=\dimen332
\scratchbox=\box81
\nofMPsegments=\count509
\nofMParguments=\count510
\everyMPshowfont=\toks48
\MPscratchCnt=\count511
\MPscratchDim=\dimen333
\MPnumerator=\count512
\makeMPintoPDFobject=\count513
\everyMPtoPDFconversion=\toks49
)
(C:\Users\yovel\AppData\Local\Programs\MiKTeX\tex/latex/epstopdf-pkg\epstopdf-b
ase.sty
Package: epstopdf-base 2020-01-24 v2.11 Base part for package epstopdf
Package epstopdf-base Info: Redefining graphics rule for `.eps' on input line 4
85.

(C:\Users\yovel\AppData\Local\Programs\MiKTeX\tex/latex/00miktex\epstopdf-sys.c
fg
File: epstopdf-sys.cfg 2021/03/18 v2.0 Configuration of epstopdf for MiKTeX
))
*geometry* driver: auto-detecting
*geometry* detected driver: pdftex
*geometry* verbose mode - [ preamble ] result:
* driver: pdftex
* paper: a4paper
* layout: <same size as paper>
* layoutoffset:(h,v)=(0.0pt,0.0pt)
* modes: 
* h-part:(L,W,R)=(85.35826pt, 455.24411pt, 56.9055pt)
* v-part:(T,H,B)=(71.13188pt, 702.78308pt, 71.13188pt)
* \paperwidth=597.50787pt
* \paperheight=845.04684pt
* \textwidth=455.24411pt
* \textheight=702.78308pt
* \oddsidemargin=13.08827pt
* \evensidemargin=13.08827pt
* \topmargin=-38.1381pt
* \headheight=12.0pt
* \headsep=25.0pt
* \topskip=12.0pt
* \footskip=30.0pt
* \marginparwidth=35.0pt
* \marginparsep=10.0pt
* \columnsep=10.0pt
* \skip\footins=10.8pt plus 4.0pt minus 2.0pt
* \hoffset=0.0pt
* \voffset=0.0pt
* \mag=1000
* \@twocolumnfalse
* \@twosidefalse
* \@mparswitchfalse
* \@reversemarginfalse
* (1in=72.27pt=25.4mm, 1cm=28.453pt)

Package caption Info: Begin \AtBeginDocument code.
Package caption Info: hyperref package is loaded.
Package caption Info: hypcap package is loaded.
Package caption Info: End \AtBeginDocument code.
Package hyperref Info: Link coloring ON on input line 78.

(C:\Users\yovel\AppData\Local\Programs\MiKTeX\tex/latex/translations/dicts\tran
slations-basic-dictionary-english.trsl
File: translations-basic-dictionary-english.trsl (english translation file `tra
nslations-basic-dictionary')
)
Package translations Info: loading dictionary `translations-basic-dictionary' f
or `english'. on input line 78.
Package translations Info: no dictionary file `translations-basic-dictionary-he
brew.trsl' found. on input line 78.
 (frontmatter/title_outer_en.tex

Package hyperref Warning: Token not allowed in a PDF string (PDFDocEncoding):
(hyperref)                removing `\beginL' on input line 90.


Package hyperref Warning: Token not allowed in a PDF string (PDFDocEncoding):
(hyperref)                removing `\let' on input line 90.


Package hyperref Warning: Token not allowed in a PDF string (PDFDocEncoding):
(hyperref)                removing `\endL' on input line 90.

[1

{C:/Users/yovel/AppData/Local/MiKTeX/fonts/map/pdftex/pdftex.map}{C:/Users/yove
l/AppData/Local/Programs/MiKTeX/fonts/enc/dvips/base/8r.enc}])
(frontmatter/title_inner_en.tex

Package hyperref Warning: Token not allowed in a PDF string (PDFDocEncoding):
(hyperref)                removing `\beginL' on input line 58.


Package hyperref Warning: Token not allowed in a PDF string (PDFDocEncoding):
(hyperref)                removing `\let' on input line 58.


Package hyperref Warning: Token not allowed in a PDF string (PDFDocEncoding):
(hyperref)                removing `\endL' on input line 58.

[2

]) (frontmatter/title_outer_he.tex

LaTeX Font Warning: Font shape `NHE8/ptm/b/n' undefined
(Font)              using `NHE8/ptm/m/n' instead on input line 8.


Package hyperref Warning: Token not allowed in a PDF string (PDFDocEncoding):
(hyperref)                removing `\beginL' on input line 47.


Package hyperref Warning: Token not allowed in a PDF string (PDFDocEncoding):
(hyperref)                removing `\let' on input line 47.


Package hyperref Warning: Token not allowed in a PDF string (PDFDocEncoding):
(hyperref)                removing `\endL' on input line 47.

[3

{C:/Users/yovel/AppData/Local/Programs/MiKTeX/fonts/enc/dvips/culmus/nhe8.enc}]
) (frontmatter/title_inner_he.tex

Package hyperref Warning: Token not allowed in a PDF string (PDFDocEncoding):
(hyperref)                removing `\beginL' on input line 55.


Package hyperref Warning: Token not allowed in a PDF string (PDFDocEncoding):
(hyperref)                removing `\let' on input line 55.


Package hyperref Warning: Token not allowed in a PDF string (PDFDocEncoding):
(hyperref)                removing `\endL' on input line 55.

[4

]) (chapters/acknowledgments.tex) (frontmatter/abstract_he.tex

Package hyperref Warning: Token not allowed in a PDF string (PDFDocEncoding):
(hyperref)                removing `\beginL' on input line 22.


Package hyperref Warning: Token not allowed in a PDF string (PDFDocEncoding):
(hyperref)                removing `\let' on input line 22.


Package hyperref Warning: Token not allowed in a PDF string (PDFDocEncoding):
(hyperref)                removing `\endL' on input line 22.

[5


]<<ot1.cmap>><<oml.cmap>><<oms.cmap>><<omx.cmap>>
LaTeX Font Info:    Trying to load font information for U+msa on input line 29.


(C:\Users\yovel\AppData\Local\Programs\MiKTeX\tex/latex/amsfonts\umsa.fd
File: umsa.fd 2013/01/14 v3.01 AMS symbols A
)
LaTeX Font Info:    Trying to load font information for U+msb on input line 29.


(C:\Users\yovel\AppData\Local\Programs\MiKTeX\tex/latex/amsfonts\umsb.fd
File: umsb.fd 2013/01/14 v3.01 AMS symbols B
))

Package hyperref Warning: Token not allowed in a PDF string (PDFDocEncoding):
(hyperref)                removing `\beginL' on input line 94.


Package hyperref Warning: Token not allowed in a PDF string (PDFDocEncoding):
(hyperref)                removing `\let' on input line 94.


Package hyperref Warning: Token not allowed in a PDF string (PDFDocEncoding):
(hyperref)                removing `\endL' on input line 94.

[6


] (chapters/abstract.tex)
Overfull \hbox (0.63187pt too wide) in paragraph at lines 32--97
[]\T1/ptm/m/n/12 Dimensionality-reduction ex-per-i-ments showed that a re-duced
 sub-set of 30 wave-lengths achieved[]
 []


Package hyperref Warning: Token not allowed in a PDF string (PDFDocEncoding):
(hyperref)                removing `\beginL' on input line 97.


Package hyperref Warning: Token not allowed in a PDF string (PDFDocEncoding):
(hyperref)                removing `\let' on input line 97.


Package hyperref Warning: Token not allowed in a PDF string (PDFDocEncoding):
(hyperref)                removing `\endL' on input line 97.

[7


] (main.toc

Package hyperref Warning: Token not allowed in a PDF string (PDFDocEncoding):
(hyperref)                removing `\beginL' on input line 33.


Package hyperref Warning: Token not allowed in a PDF string (PDFDocEncoding):
(hyperref)                removing `\let' on input line 33.


Package hyperref Warning: Token not allowed in a PDF string (PDFDocEncoding):
(hyperref)                removing `\endL' on input line 33.

[8


]

Package hyperref Warning: Token not allowed in a PDF string (PDFDocEncoding):
(hyperref)                removing `\beginL' on input line 85.


Package hyperref Warning: Token not allowed in a PDF string (PDFDocEncoding):
(hyperref)                removing `\let' on input line 85.


Package hyperref Warning: Token not allowed in a PDF string (PDFDocEncoding):
(hyperref)                removing `\endL' on input line 85.

[9]
Overfull \hbox (4.55511pt too wide) in paragraph at lines 88--88
 [][][] [][][] [][] [] 
 []

)
\tf@toc=\write5
\openout5 = `main.toc'.



Package hyperref Warning: Token not allowed in a PDF string (PDFDocEncoding):
(hyperref)                removing `\beginL' on input line 101.


Package hyperref Warning: Token not allowed in a PDF string (PDFDocEncoding):
(hyperref)                removing `\let' on input line 101.


Package hyperref Warning: Token not allowed in a PDF string (PDFDocEncoding):
(hyperref)                removing `\endL' on input line 101.

[10] (frontmatter/abbreviations_symbols.tex

Package hyperref Warning: Token not allowed in a PDF string (PDFDocEncoding):
(hyperref)                removing `\beginL' on input line 27.


Package hyperref Warning: Token not allowed in a PDF string (PDFDocEncoding):
(hyperref)                removing `\let' on input line 27.


Package hyperref Warning: Token not allowed in a PDF string (PDFDocEncoding):
(hyperref)                removing `\endL' on input line 27.

[11


])

Package hyperref Warning: Token not allowed in a PDF string (PDFDocEncoding):
(hyperref)                removing `\beginL' on input line 103.


Package hyperref Warning: Token not allowed in a PDF string (PDFDocEncoding):
(hyperref)                removing `\let' on input line 103.


Package hyperref Warning: Token not allowed in a PDF string (PDFDocEncoding):
(hyperref)                removing `\endL' on input line 103.

[12] (main.lof

Package hyperref Warning: Token not allowed in a PDF string (PDFDocEncoding):
(hyperref)                removing `\beginL' on input line 39.


Package hyperref Warning: Token not allowed in a PDF string (PDFDocEncoding):
(hyperref)                removing `\let' on input line 39.


Package hyperref Warning: Token not allowed in a PDF string (PDFDocEncoding):
(hyperref)                removing `\endL' on input line 39.

[13


])
\tf@lof=\write6
\openout6 = `main.lof'.



Package hyperref Warning: Token not allowed in a PDF string (PDFDocEncoding):
(hyperref)                removing `\beginL' on input line 105.


Package hyperref Warning: Token not allowed in a PDF string (PDFDocEncoding):
(hyperref)                removing `\let' on input line 105.


Package hyperref Warning: Token not allowed in a PDF string (PDFDocEncoding):
(hyperref)                removing `\endL' on input line 105.

[14] (main.lot

Package hyperref Warning: Token not allowed in a PDF string (PDFDocEncoding):
(hyperref)                removing `\beginL' on input line 40.


Package hyperref Warning: Token not allowed in a PDF string (PDFDocEncoding):
(hyperref)                removing `\let' on input line 40.


Package hyperref Warning: Token not allowed in a PDF string (PDFDocEncoding):
(hyperref)                removing `\endL' on input line 40.

[15


])
\tf@lot=\write7
\openout7 = `main.lot'.



Package hyperref Warning: Token not allowed in a PDF string (PDFDocEncoding):
(hyperref)                removing `\beginL' on input line 107.


Package hyperref Warning: Token not allowed in a PDF string (PDFDocEncoding):
(hyperref)                removing `\let' on input line 107.


Package hyperref Warning: Token not allowed in a PDF string (PDFDocEncoding):
(hyperref)                removing `\endL' on input line 107.

[16] (chapters/introduction.tex
Chapter 1.
<figures/images_to_use/crack_begining_cluster_10.jpeg, id=448, 902.37125pt x 16
04.99625pt>
File: figures/images_to_use/crack_begining_cluster_10.jpeg Graphic file (type j
pg)
<use figures/images_to_use/crack_begining_cluster_10.jpeg>
Package pdftex.def Info: figures/images_to_use/crack_begining_cluster_10.jpeg  
used on input line 11.
(pdftex.def)             Requested size: 136.57462pt x 242.91869pt.
<figures/images_to_use/rot_beginning.jpeg, id=449, 902.37125pt x 1604.99625pt>
File: figures/images_to_use/rot_beginning.jpeg Graphic file (type jpg)
<use figures/images_to_use/rot_beginning.jpeg>
Package pdftex.def Info: figures/images_to_use/rot_beginning.jpeg  used on inpu
t line 17.
(pdftex.def)             Requested size: 136.57462pt x 242.91869pt.
<figures/introduction/cracked_grape_berry_matched.png, id=450, 902.37125pt x 16
04.99625pt>
File: figures/introduction/cracked_grape_berry_matched.png Graphic file (type p
ng)
<use figures/introduction/cracked_grape_berry_matched.png>
Package pdftex.def Info: figures/introduction/cracked_grape_berry_matched.png  
used on input line 23.
(pdftex.def)             Requested size: 136.57462pt x 242.91869pt.
[1


]
LaTeX Font Info:    Trying to load font information for TS1+ptm on input line 3
3.
 (C:\Users\yovel\AppData\Local\Programs\MiKTeX\tex/latex/psnfss\ts1ptm.fd
File: ts1ptm.fd 2001/06/04 font definitions for TS1/ptm.
)
[2 <./figures/images_to_use/crack_begining_cluster_10.jpeg> <./figures/images_t
o_use/rot_beginning.jpeg> <./figures/introduction/cracked_grape_berry_matched.p
ng (PNG copy)>] [3]
Overfull \hbox (1.78242pt too wide) in paragraph at lines 140--141
[][]\T1/ptm/b/n/12 In-Field Dataset & SAM2 An-no-ta-tion: \T1/ptm/m/n/12 Col-le
cted a com-pre-hen-sive hy-per-spec-tral dataset[]
 []

[4]) (chapters/literature_review.tex [5]
Chapter 2.
[6

]
Overfull \hbox (7.23376pt too wide) in paragraph at lines 80--80
[][]\T1/ptm/b/n/17.28 Physiological Mech-a-nisms and Eco-nomic Im-pact of Grape
[]
 []

[7]
Overfull \hbox (1.77136pt too wide) in paragraph at lines 143--145
[]\T1/ptm/m/n/12 Beyond me-chan-i-cal fac-tors, crack-ing sus-cep-ti-bil-ity is
 mod-u-lated by plant hor-mones and cultivar-[]
 []

[8]
<figures/literature/HSI_cube.png, id=549, 478.9092pt x 226.446pt>
File: figures/literature/HSI_cube.png Graphic file (type png)
<use figures/literature/HSI_cube.png>
Package pdftex.def Info: figures/literature/HSI_cube.png  used on input line 19
3.
(pdftex.def)             Requested size: 273.14923pt x 129.15501pt.
 [9]
<figures/literature/Hyperspectral_imaging_across_the_electromagnetic.jpg, id=56
9, 383.688pt x 109.719pt>
File: figures/literature/Hyperspectral_imaging_across_the_electromagnetic.jpg G
raphic file (type jpg)
<use figures/literature/Hyperspectral_imaging_across_the_electromagnetic.jpg>
Package pdftex.def Info: figures/literature/Hyperspectral_imaging_across_the_el
ectromagnetic.jpg  used on input line 212.
(pdftex.def)             Requested size: 295.90588pt x 84.62282pt.
 [10 <./figures/literature/HSI_cube.png> <./figures/literature/Hyperspectral_im
aging_across_the_electromagnetic.jpg>] [11] [12])
(chapters/objectives_hypotheses.tex [13]
Chapter 3.
[14

] [15]) (chapters/materials_methods.tex [16]
Chapter 4.

Overfull \hbox (9.60593pt too wide) in paragraph at lines 9--10
[][]\T1/ptm/b/n/12 Dataset Con-struc-tion: \T1/ptm/m/n/12 De-tails the for-mu-l
a-tion of the pixel-level and whole-image datasets,[]
 []

<figures/materials_methods/study_area/lachish_vineyard_row_2.png, id=683, 304.9
794pt x 266.9172pt>
File: figures/materials_methods/study_area/lachish_vineyard_row_2.png Graphic f
ile (type png)
<use figures/materials_methods/study_area/lachish_vineyard_row_2.png>
Package pdftex.def Info: figures/materials_methods/study_area/lachish_vineyard_
row_2.png  used on input line 27.
(pdftex.def)             Requested size: 273.14923pt x 239.06657pt.
[17

] [18 <./figures/materials_methods/study_area/lachish_vineyard_row_2.png>]
<figures/materials_methods/study_area/vineyard_map.png, id=697, 406.6392pt x 44
0.3652pt>
File: figures/materials_methods/study_area/vineyard_map.png Graphic file (type 
png)
<use figures/materials_methods/study_area/vineyard_map.png>
Package pdftex.def Info: figures/materials_methods/study_area/vineyard_map.png 
 used on input line 59.
(pdftex.def)             Requested size: 218.51521pt x 236.64464pt.
<figures/materials_methods/study_area/grape_with_plastic_tag.png, id=698, 201.3
924pt x 207.6558pt>
File: figures/materials_methods/study_area/grape_with_plastic_tag.png Graphic f
ile (type png)
<use figures/materials_methods/study_area/grape_with_plastic_tag.png>
Package pdftex.def Info: figures/materials_methods/study_area/grape_with_plasti
c_tag.png  used on input line 66.
(pdftex.def)             Requested size: 218.51521pt x 225.31055pt.
<figures/materials_methods/equipment/taking_picture_with_hsi.jpg, id=700, 347.0
4657pt x 191.9672pt>
File: figures/materials_methods/equipment/taking_picture_with_hsi.jpg Graphic f
ile (type jpg)
<use figures/materials_methods/equipment/taking_picture_with_hsi.jpg>
Package pdftex.def Info: figures/materials_methods/equipment/taking_picture_wit
h_hsi.jpg  used on input line 87.
(pdftex.def)             Requested size: 218.51521pt x 120.87552pt.
<figures/materials_methods/study_area/hyperspectral_imaging_of_plants.png, id=7
01, 788.19469pt x 380.92313pt>
File: figures/materials_methods/study_area/hyperspectral_imaging_of_plants.png 
Graphic file (type png)
<use figures/materials_methods/study_area/hyperspectral_imaging_of_plants.png>
Package pdftex.def Info: figures/materials_methods/study_area/hyperspectral_ima
ging_of_plants.png  used on input line 93.
(pdftex.def)             Requested size: 218.51521pt x 105.6057pt.

[19 <./figures/materials_methods/study_area/vineyard_map.png> <./figures/materi
als_methods/study_area/grape_with_plastic_tag.png>] [20 <./figures/materials_me
thods/equipment/taking_picture_with_hsi.jpg> <./figures/materials_methods/study
_area/hyperspectral_imaging_of_plants.png>] [21]
<figures/materials_methods/gui/gui_sam2_pointer_with_numbers.png, id=729, 1541.
76pt x 1027.84pt>
File: figures/materials_methods/gui/gui_sam2_pointer_with_numbers.png Graphic f
ile (type png)
<use figures/materials_methods/gui/gui_sam2_pointer_with_numbers.png>
Package pdftex.def Info: figures/materials_methods/gui/gui_sam2_pointer_with_nu
mbers.png  used on input line 166.
(pdftex.def)             Requested size: 409.71692pt x 273.14479pt.
<figures/results/discussion/boundary_buffer.png, id=730, 1027.84pt x 567.11874p
t>
File: figures/results/discussion/boundary_buffer.png Graphic file (type png)
<use figures/results/discussion/boundary_buffer.png>
Package pdftex.def Info: figures/results/discussion/boundary_buffer.png  used o
n input line 174.
(pdftex.def)             Requested size: 409.71692pt x 226.06465pt.
 [22 <./figures/materials_methods/gui/gui_sam2_pointer_with_numbers.png (PNG co
py)>] [23 <./figures/results/discussion/boundary_buffer.png (PNG copy)>] [24]
<figures/literature/snv_normalization_effect.png, id=752, 894.7026pt x 1009.611
9pt>
File: figures/literature/snv_normalization_effect.png Graphic file (type png)
<use figures/literature/snv_normalization_effect.png>
Package pdftex.def Info: figures/literature/snv_normalization_effect.png  used 
on input line 399.
(pdftex.def)             Requested size: 318.66948pt x 359.59325pt.
 [25 <./figures/literature/snv_normalization_effect.png>]
<figures/images_to_use/The_problem_logo.jpg, id=761, 963.6pt x 542.025pt>
File: figures/images_to_use/The_problem_logo.jpg Graphic file (type jpg)
<use figures/images_to_use/The_problem_logo.jpg>
Package pdftex.def Info: figures/images_to_use/The_problem_logo.jpg  used on in
put line 448.
(pdftex.def)             Requested size: 136.57462pt x 76.81755pt.
<figures/images_to_use/The_solution_logo.png, id=762, 2853.15938pt x 637.63219p
t>
File: figures/images_to_use/The_solution_logo.png Graphic file (type png)
<use figures/images_to_use/The_solution_logo.png>
Package pdftex.def Info: figures/images_to_use/The_solution_logo.png  used on i
nput line 453.
(pdftex.def)             Requested size: 273.14923pt x 61.0427pt.
 [26] [27 <./figures/images_to_use/The_problem_logo.jpg> <./figures/images_to_u
se/The_solution_logo.png>] [28]
<figures/materials_methods/autoencoder_architecture.png, id=783, 2055.68pt x 10
96.095pt>
File: figures/materials_methods/autoencoder_architecture.png Graphic file (type
 png)
<use figures/materials_methods/autoencoder_architecture.png>
Package pdftex.def Info: figures/materials_methods/autoencoder_architecture.png
  used on input line 554.
(pdftex.def)             Requested size: 341.43307pt x 182.05208pt.
 [29 <./figures/materials_methods/autoencoder_architecture.png (PNG copy)>]
<figures/materials_methods/pipeline/whole_image_pipeline.jpg, id=792, 1027.84pt
 x 561.09625pt>
File: figures/materials_methods/pipeline/whole_image_pipeline.jpg Graphic file 
(type jpg)
<use figures/materials_methods/pipeline/whole_image_pipeline.jpg>
Package pdftex.def Info: figures/materials_methods/pipeline/whole_image_pipelin
e.jpg  used on input line 611.
(pdftex.def)             Requested size: 409.71692pt x 223.66397pt.
 [30]
<figures/materials_methods/pipeline/ui_for_EDA_with_notes.JPG, id=804, 963.6pt 
x 542.025pt>
File: figures/materials_methods/pipeline/ui_for_EDA_with_notes.JPG Graphic file
 (type jpg)
<use figures/materials_methods/pipeline/ui_for_EDA_with_notes.JPG>
Package pdftex.def Info: figures/materials_methods/pipeline/ui_for_EDA_with_not
es.JPG  used on input line 619.
(pdftex.def)             Requested size: 455.24411pt x 256.07507pt.
 [31 <./figures/materials_methods/pipeline/whole_image_pipeline.jpg> <./figures
/materials_methods/pipeline/ui_for_EDA_with_notes.JPG>] [32

]) (chapters/results_new.tex [33]
Chapter 5.
[34

] [35

]
<figures/results/spectral_signatures/spectral_signatures_mean_std.png, id=850, 
1001.9031pt x 496.0131pt>
File: figures/results/spectral_signatures/spectral_signatures_mean_std.png Grap
hic file (type png)
<use figures/results/spectral_signatures/spectral_signatures_mean_std.png>
Package pdftex.def Info: figures/results/spectral_signatures/spectral_signature
s_mean_std.png  used on input line 49.
(pdftex.def)             Requested size: 455.24411pt x 225.38356pt.
<figures/results/spectral_signatures/separability_metrics.png, id=854, 999.2532
pt x 864.831pt>
File: figures/results/spectral_signatures/separability_metrics.png Graphic file
 (type png)
<use figures/results/spectral_signatures/separability_metrics.png>
Package pdftex.def Info: figures/results/spectral_signatures/separability_metri
cs.png  used on input line 68.
(pdftex.def)             Requested size: 273.14923pt x 236.39746pt.
 [36 <./figures/results/spectral_signatures/spectral_signatures_mean_std.png>] 
[37 <./figures/results/spectral_signatures/separability_metrics.png>]
Overfull \hbox (17.62482pt too wide) in paragraph at lines 104--125
[][]$[]$ []
 []

[38

] [39


] [40


] [41

]
<figures/results/full_images/full_images_classification/02_02/image.png, id=917
, 814.242pt x 249.5724pt>
File: figures/results/full_images/full_images_classification/02_02/image.png Gr
aphic file (type png)
<use figures/results/full_images/full_images_classification/02_02/image.png>
Package pdftex.def Info: figures/results/full_images/full_images_classification
/02_02/image.png  used on input line 367.
(pdftex.def)             Requested size: 432.48051pt x 132.56215pt.
 [42

 <./figures/results/full_images/full_images_classification/02_02/image.png>] [4
3


]
<figures/results/feature_selection/bfs_dual_metric.png, id=934, 855.4359pt x 42
2.7795pt>
File: figures/results/feature_selection/bfs_dual_metric.png Graphic file (type 
png)
<use figures/results/feature_selection/bfs_dual_metric.png>
Package pdftex.def Info: figures/results/feature_selection/bfs_dual_metric.png 
 used on input line 463.
(pdftex.def)             Requested size: 432.48051pt x 213.75032pt.
<figures/results/feature_selection/bfs_prauc_thresholds.png, id=935, 855.4359pt
 x 495.0495pt>
File: figures/results/feature_selection/bfs_prauc_thresholds.png Graphic file (
type png)
<use figures/results/feature_selection/bfs_prauc_thresholds.png>
Package pdftex.def Info: figures/results/feature_selection/bfs_prauc_thresholds
.png  used on input line 472.
(pdftex.def)             Requested size: 432.48051pt x 250.28883pt.
 [44

 <./figures/results/feature_selection/bfs_dual_metric.png>] [45 <./figures/resu
lts/feature_selection/bfs_prauc_thresholds.png>]
[46

]
Overfull \hbox (3.42018pt too wide) in paragraph at lines 538--540
[]\T1/ptm/m/n/12 452.25, 536.82, 545.62, 548.55, 572.07, 580.90, 634.11, 729.53
, 756.56, 759.56, 777.64, 917.42,[]
 []

<figures/results/feature_selection/stability_varying_30wl_wavelength_popularity
_overview.png, id=958, 957.8184pt x 618.1494pt>
File: figures/results/feature_selection/stability_varying_30wl_wavelength_popul
arity_overview.png Graphic file (type png)
<use figures/results/feature_selection/stability_varying_30wl_wavelength_popula
rity_overview.png>
Package pdftex.def Info: figures/results/feature_selection/stability_varying_30
wl_wavelength_popularity_overview.png  used on input line 549.
(pdftex.def)             Requested size: 455.24411pt x 293.7938pt.
[47

 <./figures/results/feature_selection/stability_varying_30wl_wavelength_popular
ity_overview.png>]
<figures/results/feature_selection/stability_varying_30wl_wavelength_binning_co
mparison.png, id=967, 1150.0566pt x 853.2678pt>
File: figures/results/feature_selection/stability_varying_30wl_wavelength_binni
ng_comparison.png Graphic file (type png)
<use figures/results/feature_selection/stability_varying_30wl_wavelength_binnin
g_comparison.png>
Package pdftex.def Info: figures/results/feature_selection/stability_varying_30
wl_wavelength_binning_comparison.png  used on input line 580.
(pdftex.def)             Requested size: 455.24411pt x 337.75969pt.
 [48 <./figures/results/feature_selection/stability_varying_30wl_wavelength_bin
ning_comparison.png>] [49]
<figures/results/feature_selection/consensus_bins_physical_interpretation.png, 
id=983, 1149.093pt x 498.663pt>
File: figures/results/feature_selection/consensus_bins_physical_interpretation.
png Graphic file (type png)
<use figures/results/feature_selection/consensus_bins_physical_interpretation.p
ng>
Package pdftex.def Info: figures/results/feature_selection/consensus_bins_physi
cal_interpretation.png  used on input line 704.
(pdftex.def)             Requested size: 702.78308pt x 304.98293pt.
 [50

 <./figures/results/feature_selection/consensus_bins_physical_interpretation.pn
g>])
(chapters/discussion.tex
Chapter 6.
[51


]
<figures/results/discussion/multi_vs_binary_cluster_42.JPG, id=1010, 963.6pt x 
542.025pt>
File: figures/results/discussion/multi_vs_binary_cluster_42.JPG Graphic file (t
ype jpg)
<use figures/results/discussion/multi_vs_binary_cluster_42.JPG>
Package pdftex.def Info: figures/results/discussion/multi_vs_binary_cluster_42.
JPG  used on input line 106.
(pdftex.def)             Requested size: 455.24411pt x 256.07507pt.
 [52

] [53 <./figures/results/discussion/multi_vs_binary_cluster_42.JPG>]
File: figures/materials_methods/pipeline/whole_image_pipeline.jpg Graphic file 
(type jpg)
<use figures/materials_methods/pipeline/whole_image_pipeline.jpg>
Package pdftex.def Info: figures/materials_methods/pipeline/whole_image_pipelin
e.jpg  used on input line 122.
(pdftex.def)             Requested size: 409.71692pt x 223.66397pt.

[54

]
<figures/common/pipeline_with_sam2_and_cnn.JPG, id=1026, 963.6pt x 542.025pt>
File: figures/common/pipeline_with_sam2_and_cnn.JPG Graphic file (type jpg)
<use figures/common/pipeline_with_sam2_and_cnn.JPG>
Package pdftex.def Info: figures/common/pipeline_with_sam2_and_cnn.JPG  used on
 input line 146.
(pdftex.def)             Requested size: 455.24411pt x 256.07507pt.
 [55 <./figures/common/pipeline_with_sam2_and_cnn.JPG>] [56

] [57])
(chapters/conclusions.tex [58]
Chapter 7.

Overfull \hbox (1.74605pt too wide) in paragraph at lines 13--15
[]\T1/ptm/m/n/12 This spa-tial logic in-di-cates that spec-tral in-for-ma-tion 
is nec-es-sary for iden-ti-fy-ing crack-associated[]
 []

[59

] [60]
Overfull \hbox (14.04726pt too wide) in paragraph at lines 70--72
[]\T1/ptm/b/n/12 Fifth, \T1/ptm/m/n/12 fur-ther al-go-rith-mic re-fine-ment of 
the whole-image pipeline should ex-plore stronger spectral--[]
 []

) [61] [62

] [63] [64] [65] (chapters/appendix_results.tex [66]
Appendix A.
<figures/results/spectral_signatures/regional_comparison.png, id=1078, 1000.939
5pt x 422.5386pt>
File: figures/results/spectral_signatures/regional_comparison.png Graphic file 
(type png)
<use figures/results/spectral_signatures/regional_comparison.png>
Package pdftex.def Info: figures/results/spectral_signatures/regional_compariso
n.png  used on input line 196.
(pdftex.def)             Requested size: 455.24411pt x 192.178pt.
[67

] [68] [69 <./figures/results/spectral_signatures/regional_comparison.png>]
[70] [71


] [72



] [73]
<figures/results/feature_selection/bfs_f1_thresholds.png, id=1114, 853.7496pt x
 495.0495pt>
File: figures/results/feature_selection/bfs_f1_thresholds.png Graphic file (typ
e png)
<use figures/results/feature_selection/bfs_f1_thresholds.png>
Package pdftex.def Info: figures/results/feature_selection/bfs_f1_thresholds.pn
g  used on input line 505.
(pdftex.def)             Requested size: 455.24411pt x 263.9764pt.
 [74

 <./figures/results/feature_selection/bfs_f1_thresholds.png>] [75] [76] [77]
<figures/results/feature_selection/stability_varying_30wl_wavelength_frequency_
spectrum.png, id=1147, 1149.093pt x 426.393pt>
File: figures/results/feature_selection/stability_varying_30wl_wavelength_frequ
ency_spectrum.png Graphic file (type png)
<use figures/results/feature_selection/stability_varying_30wl_wavelength_freque
ncy_spectrum.png>
Package pdftex.def Info: figures/results/feature_selection/stability_varying_30
wl_wavelength_frequency_spectrum.png  used on input line 748.
(pdftex.def)             Requested size: 455.24411pt x 168.92761pt.
<figures/results/feature_selection/stability_varying_30wl_wavelength_stability_
heatmap.png, id=1148, 435.5472pt x 923.6106pt>
File: figures/results/feature_selection/stability_varying_30wl_wavelength_stabi
lity_heatmap.png Graphic file (type png)
<use figures/results/feature_selection/stability_varying_30wl_wavelength_stabil
ity_heatmap.png>
Package pdftex.def Info: figures/results/feature_selection/stability_varying_30
wl_wavelength_stability_heatmap.png  used on input line 755.
(pdftex.def)             Requested size: 281.71332pt x 597.3943pt.
 [78 <./figures/results/feature_selection/stability_varying_30wl_wavelength_fre
quency_spectrum.png>] [79 <./figures/results/feature_selection/stability_varyin
g_30wl_wavelength_stability_heatmap.png>]
<figures/results/feature_selection/stability_varying_11wl_wavelength_popularity
_overview.png, id=1159, 957.8184pt x 618.1494pt>
File: figures/results/feature_selection/stability_varying_11wl_wavelength_popul
arity_overview.png Graphic file (type png)
<use figures/results/feature_selection/stability_varying_11wl_wavelength_popula
rity_overview.png>
Package pdftex.def Info: figures/results/feature_selection/stability_varying_11
wl_wavelength_popularity_overview.png  used on input line 764.
(pdftex.def)             Requested size: 364.19667pt x 235.0407pt.
<figures/results/feature_selection/stability_varying_11wl_wavelength_binning_co
mparison.png, id=1160, 1151.0202pt x 853.2678pt>
File: figures/results/feature_selection/stability_varying_11wl_wavelength_binni
ng_comparison.png Graphic file (type png)
<use figures/results/feature_selection/stability_varying_11wl_wavelength_binnin
g_comparison.png>
Package pdftex.def Info: figures/results/feature_selection/stability_varying_11
wl_wavelength_binning_comparison.png  used on input line 771.
(pdftex.def)             Requested size: 364.19667pt x 269.9786pt.
<figures/results/feature_selection/stability_varying_11wl_wavelength_stability_
heatmap.png, id=1161, 427.5975pt x 570.933pt>
File: figures/results/feature_selection/stability_varying_11wl_wavelength_stabi
lity_heatmap.png Graphic file (type png)
<use figures/results/feature_selection/stability_varying_11wl_wavelength_stabil
ity_heatmap.png>
Package pdftex.def Info: figures/results/feature_selection/stability_varying_11
wl_wavelength_stability_heatmap.png  used on input line 778.
(pdftex.def)             Requested size: 447.43776pt x 597.42393pt.
<figures/results/feature_selection/stability_varying_11wl_wavelength_frequency_
spectrum.png, id=1162, 1149.093pt x 426.393pt>
File: figures/results/feature_selection/stability_varying_11wl_wavelength_frequ
ency_spectrum.png Graphic file (type png)
<use figures/results/feature_selection/stability_varying_11wl_wavelength_freque
ncy_spectrum.png>
Package pdftex.def Info: figures/results/feature_selection/stability_varying_11
wl_wavelength_frequency_spectrum.png  used on input line 785.
(pdftex.def)             Requested size: 455.24411pt x 168.92761pt.
 [80 <./figures/results/feature_selection/stability_varying_11wl_wavelength_pop
ularity_overview.png> <./figures/results/feature_selection/stability_varying_11
wl_wavelength_binning_comparison.png>] [81 <./figures/results/feature_selection
/stability_varying_11wl_wavelength_stability_heatmap.png>]
<figures/appendix/figure_gui_tool_regular.jpg, id=1178, 1047.915pt x 797.598pt>

File: figures/appendix/figure_gui_tool_regular.jpg Graphic file (type jpg)
<use figures/appendix/figure_gui_tool_regular.jpg>
Package pdftex.def Info: figures/appendix/figure_gui_tool_regular.jpg  used on 
input line 801.
(pdftex.def)             Requested size: 432.48051pt x 329.17145pt.
 [82 <./figures/results/feature_selection/stability_varying_11wl_wavelength_fre
quency_spectrum.png>] [83 <./figures/appendix/figure_gui_tool_regular.jpg>]
<figures/appendix/figure_gui_tool_cracked.jpg, id=1188, 1044.63pt x 812.709pt>
File: figures/appendix/figure_gui_tool_cracked.jpg Graphic file (type jpg)
<use figures/appendix/figure_gui_tool_cracked.jpg>
Package pdftex.def Info: figures/appendix/figure_gui_tool_cracked.jpg  used on 
input line 809.
(pdftex.def)             Requested size: 432.48051pt x 336.46188pt.

Overfull \hbox (1.19482pt too wide) in paragraph at lines 819--822
[]\T1/ptm/m/n/12 clas-si-fi-ca-tions (False Pos-i-tives) pro-duced by the whole
-image crack-detection pipeline de-scribed[]
 []

<figures/appendix/tp_fp_examples/TP_example1.png, id=1192, 1119.528pt x 837.675
pt>
File: figures/appendix/tp_fp_examples/TP_example1.png Graphic file (type png)
<use figures/appendix/tp_fp_examples/TP_example1.png>
Package pdftex.def Info: figures/appendix/tp_fp_examples/TP_example1.png  used 
on input line 830.
(pdftex.def)             Requested size: 455.24411pt x 340.63696pt.
[84 <./figures/appendix/figure_gui_tool_cracked.jpg>] [85 <./figures/appendix/t
p_fp_examples/TP_example1.png>]
<figures/appendix/tp_fp_examples/TP_example_2.png, id=1202, 1110.33pt x 827.82p
t>
File: figures/appendix/tp_fp_examples/TP_example_2.png Graphic file (type png)
<use figures/appendix/tp_fp_examples/TP_example_2.png>
Package pdftex.def Info: figures/appendix/tp_fp_examples/TP_example_2.png  used
 on input line 838.
(pdftex.def)             Requested size: 455.24411pt x 339.4084pt.
<figures/appendix/tp_fp_examples/TP_example_3.png, id=1203, 1129.383pt x 844.90
2pt>
File: figures/appendix/tp_fp_examples/TP_example_3.png Graphic file (type png)
<use figures/appendix/tp_fp_examples/TP_example_3.png>
Package pdftex.def Info: figures/appendix/tp_fp_examples/TP_example_3.png  used
 on input line 846.
(pdftex.def)             Requested size: 455.24411pt x 340.57191pt.
 [86 <./figures/appendix/tp_fp_examples/TP_example_2.png>] [87 <./figures/appen
dix/tp_fp_examples/TP_example_3.png>]
<figures/appendix/tp_fp_examples/FP_small_branch.png, id=1217, 1110.33pt x 819.
936pt>
File: figures/appendix/tp_fp_examples/FP_small_branch.png Graphic file (type pn
g)
<use figures/appendix/tp_fp_examples/FP_small_branch.png>
Package pdftex.def Info: figures/appendix/tp_fp_examples/FP_small_branch.png  u
sed on input line 860.
(pdftex.def)             Requested size: 455.24411pt x 336.17593pt.
<figures/appendix/tp_fp_examples/FP_small_branch_2.png, id=1218, 1110.33pt x 82
3.878pt>
File: figures/appendix/tp_fp_examples/FP_small_branch_2.png Graphic file (type 
png)
<use figures/appendix/tp_fp_examples/FP_small_branch_2.png>
Package pdftex.def Info: figures/appendix/tp_fp_examples/FP_small_branch_2.png 
 used on input line 868.
(pdftex.def)             Requested size: 455.24411pt x 337.79216pt.
 [88 <./figures/appendix/tp_fp_examples/FP_small_branch.png>] [89 <./figures/ap
pendix/tp_fp_examples/FP_small_branch_2.png>]
<figures/appendix/tp_fp_examples/FP_screenshot.png, id=1229, 1110.33pt x 829.79
1pt>
File: figures/appendix/tp_fp_examples/FP_screenshot.png Graphic file (type png)

<use figures/appendix/tp_fp_examples/FP_screenshot.png>
Package pdftex.def Info: figures/appendix/tp_fp_examples/FP_screenshot.png  use
d on input line 876.
(pdftex.def)             Requested size: 455.24411pt x 340.21652pt.
<figures/appendix/tp_fp_examples/FP_few_branches.png, id=1230, 1116.9pt x 836.3
61pt>
File: figures/appendix/tp_fp_examples/FP_few_branches.png Graphic file (type pn
g)
<use figures/appendix/tp_fp_examples/FP_few_branches.png>
Package pdftex.def Info: figures/appendix/tp_fp_examples/FP_few_branches.png  u
sed on input line 884.
(pdftex.def)             Requested size: 455.24411pt x 340.89386pt.
 [90 <./figures/appendix/tp_fp_examples/FP_screenshot.png>] [91 <./figures/appe
ndix/tp_fp_examples/FP_few_branches.png>]
<figures/results/discussion/Hardware_Limitations.png, id=1242, 3272.225pt x 250
5.36pt>
File: figures/results/discussion/Hardware_Limitations.png Graphic file (type pn
g)
<use figures/results/discussion/Hardware_Limitations.png>
Package pdftex.def Info: figures/results/discussion/Hardware_Limitations.png  u
sed on input line 899.
(pdftex.def)             Requested size: 386.96027pt x 296.27216pt.
)
[92

 <./figures/results/discussion/Hardware_Limitations.png (PNG copy)>]
(main.aux)
 ***********
LaTeX2e <2025-11-01>
L3 programming layer <2026-01-19>
 ***********


LaTeX Font Warning: Some font shapes were not available, defaults substituted.

Package logreq Info: Writing requests to 'main.run.xml'.
\openout1 = `main.run.xml'.

 ) 
Here is how much of TeX's memory you used:
 41623 strings out of 467867
 863832 string characters out of 5418334
 1745972 words of memory out of 5000000
 69391 multiletter control sequences out of 15000+600000
 682962 words of font info for 108 fonts, out of 8000000 for 9000
 1141 hyphenation exceptions out of 8191
 86i,15n,131p,2084b,5183s stack positions out of 10000i,1000n,20000p,200000b,200000s
<C:/Users/yovel/AppData/Local/Programs/MiKTeX/fonts/type1/public/culmus/David
CLM-Medium.pfb><C:/Users/yovel/AppData/Local/Programs/MiKTeX/fonts/type1/public
/amsfonts/cm/cmex10.pfb><C:/Users/yovel/AppData/Local/Programs/MiKTeX/fonts/typ
e1/public/amsfonts/cm/cmmi12.pfb><C:/Users/yovel/AppData/Local/Programs/MiKTeX/
fonts/type1/public/amsfonts/cm/cmmi8.pfb><C:/Users/yovel/AppData/Local/Programs
/MiKTeX/fonts/type1/public/amsfonts/cm/cmr12.pfb><C:/Users/yovel/AppData/Local/
Programs/MiKTeX/fonts/type1/public/amsfonts/cm/cmr8.pfb><C:/Users/yovel/AppData
/Local/Programs/MiKTeX/fonts/type1/public/amsfonts/cm/cmsy10.pfb><C:/Users/yove
l/AppData/Local/Programs/MiKTeX/fonts/type1/public/amsfonts/cm/cmsy8.pfb><C:/Us
ers/yovel/AppData/Local/Programs/MiKTeX/fonts/type1/urw/times/utmb8a.pfb><C:/Us
ers/yovel/AppData/Local/Programs/MiKTeX/fonts/type1/urw/times/utmr8a.pfb><C:/Us
ers/yovel/AppData/Local/Programs/MiKTeX/fonts/type1/urw/times/utmri8a.pfb>
Output written on main.pdf (108 pages, 33314916 bytes).
PDF statistics:
 1675 PDF objects out of 1728 (max. 8388607)
 417 named destinations out of 1000 (max. 500000)
 1047 words of extra memory for PDF output out of 10000 (max. 10000000)

